TimeQuest Timing Analyzer report for mic1
Fri Dec 13 17:30:51 2024
Quartus II 64-Bit Version 13.0.1 Build 232 06/12/2013 Service Pack 1 SJ Web Edition


---------------------
; Table of Contents ;
---------------------
  1. Legal Notice
  2. TimeQuest Timing Analyzer Summary
  3. Parallel Compilation
  4. Clocks
  5. Slow Model Fmax Summary
  6. Slow Model Setup Summary
  7. Slow Model Hold Summary
  8. Slow Model Recovery Summary
  9. Slow Model Removal Summary
 10. Slow Model Minimum Pulse Width Summary
 11. Propagation Delay
 12. Minimum Propagation Delay
 13. Fast Model Setup Summary
 14. Fast Model Hold Summary
 15. Fast Model Recovery Summary
 16. Fast Model Removal Summary
 17. Fast Model Minimum Pulse Width Summary
 18. Propagation Delay
 19. Minimum Propagation Delay
 20. Multicorner Timing Analysis Summary
 21. Progagation Delay
 22. Minimum Progagation Delay
 23. Clock Transfers
 24. Report TCCS
 25. Report RSKM
 26. Unconstrained Paths
 27. TimeQuest Timing Analyzer Messages



----------------
; Legal Notice ;
----------------
Copyright (C) 1991-2013 Altera Corporation
Your use of Altera Corporation's design tools, logic functions 
and other software and tools, and its AMPP partner logic 
functions, and any output files from any of the foregoing 
(including device programming or simulation files), and any 
associated documentation or information are expressly subject 
to the terms and conditions of the Altera Program License 
Subscription Agreement, Altera MegaCore Function License 
Agreement, or other applicable license agreement, including, 
without limitation, that your use is for the sole purpose of 
programming logic devices manufactured by Altera and sold by 
Altera or its authorized distributors.  Please refer to the 
applicable agreement for further details.



+----------------------------------------------------------------------------------------+
; TimeQuest Timing Analyzer Summary                                                      ;
+--------------------+-------------------------------------------------------------------+
; Quartus II Version ; Version 13.0.1 Build 232 06/12/2013 Service Pack 1 SJ Web Edition ;
; Revision Name      ; mic1                                                              ;
; Device Family      ; Cyclone II                                                        ;
; Device Name        ; EP2C5F256C6                                                       ;
; Timing Models      ; Final                                                             ;
; Delay Model        ; Combined                                                          ;
; Rise/Fall Delays   ; Unavailable                                                       ;
+--------------------+-------------------------------------------------------------------+


Parallel compilation was disabled, but you have multiple processors available. Enable parallel compilation to reduce compilation time.
+-------------------------------------+
; Parallel Compilation                ;
+----------------------------+--------+
; Processors                 ; Number ;
+----------------------------+--------+
; Number detected on machine ; 12     ;
; Maximum allowed            ; 1      ;
+----------------------------+--------+


----------
; Clocks ;
----------
No clocks to report.


---------------------------
; Slow Model Fmax Summary ;
---------------------------
No paths to report.


----------------------------
; Slow Model Setup Summary ;
----------------------------
No paths to report.


---------------------------
; Slow Model Hold Summary ;
---------------------------
No paths to report.


-------------------------------
; Slow Model Recovery Summary ;
-------------------------------
No paths to report.


------------------------------
; Slow Model Removal Summary ;
------------------------------
No paths to report.


------------------------------------------
; Slow Model Minimum Pulse Width Summary ;
------------------------------------------
No paths to report.


+--------------------------------------------------------------+
; Propagation Delay                                            ;
+------------+-------------+--------+--------+--------+--------+
; Input Port ; Output Port ; RR     ; RF     ; FR     ; FF     ;
+------------+-------------+--------+--------+--------+--------+
; INPUT[0]   ; OUTPUT[0]   ; 9.845  ;        ;        ; 9.845  ;
; INPUT[0]   ; OUTPUT[8]   ; 10.403 ;        ;        ; 10.403 ;
; INPUT[0]   ; Z           ;        ; 13.185 ; 13.185 ;        ;
; INPUT[1]   ; OUTPUT[0]   ; 9.678  ;        ;        ; 9.678  ;
; INPUT[1]   ; OUTPUT[1]   ; 9.746  ;        ;        ; 9.746  ;
; INPUT[1]   ; OUTPUT[9]   ; 9.496  ;        ;        ; 9.496  ;
; INPUT[1]   ; Z           ;        ; 10.947 ; 10.947 ;        ;
; INPUT[2]   ; OUTPUT[1]   ; 9.696  ;        ;        ; 9.696  ;
; INPUT[2]   ; OUTPUT[2]   ; 9.328  ;        ;        ; 9.328  ;
; INPUT[2]   ; OUTPUT[10]  ; 9.569  ;        ;        ; 9.569  ;
; INPUT[2]   ; Z           ;        ; 11.958 ; 11.958 ;        ;
; INPUT[3]   ; OUTPUT[2]   ; 9.550  ;        ;        ; 9.550  ;
; INPUT[3]   ; OUTPUT[3]   ; 9.736  ;        ;        ; 9.736  ;
; INPUT[3]   ; OUTPUT[11]  ; 9.899  ;        ;        ; 9.899  ;
; INPUT[3]   ; Z           ;        ; 12.180 ; 12.180 ;        ;
; INPUT[4]   ; OUTPUT[3]   ; 9.915  ;        ;        ; 9.915  ;
; INPUT[4]   ; OUTPUT[4]   ; 9.584  ;        ;        ; 9.584  ;
; INPUT[4]   ; OUTPUT[12]  ; 9.855  ;        ;        ; 9.855  ;
; INPUT[4]   ; Z           ;        ; 11.705 ; 11.705 ;        ;
; INPUT[5]   ; OUTPUT[4]   ; 9.877  ;        ;        ; 9.877  ;
; INPUT[5]   ; OUTPUT[5]   ; 9.560  ;        ;        ; 9.560  ;
; INPUT[5]   ; OUTPUT[13]  ; 9.540  ;        ;        ; 9.540  ;
; INPUT[5]   ; Z           ;        ; 11.797 ; 11.797 ;        ;
; INPUT[6]   ; OUTPUT[5]   ; 9.935  ;        ;        ; 9.935  ;
; INPUT[6]   ; OUTPUT[6]   ; 9.890  ;        ;        ; 9.890  ;
; INPUT[6]   ; OUTPUT[14]  ; 9.929  ;        ;        ; 9.929  ;
; INPUT[6]   ; Z           ;        ; 12.551 ; 12.551 ;        ;
; INPUT[7]   ; OUTPUT[6]   ; 9.149  ;        ;        ; 9.149  ;
; INPUT[7]   ; OUTPUT[7]   ; 9.950  ;        ;        ; 9.950  ;
; INPUT[7]   ; OUTPUT[15]  ; 9.728  ;        ;        ; 9.728  ;
; INPUT[7]   ; Z           ;        ; 13.066 ; 13.066 ;        ;
; INPUT[8]   ; OUTPUT[7]   ; 9.963  ;        ;        ; 9.963  ;
; INPUT[8]   ; OUTPUT[8]   ; 10.469 ;        ;        ; 10.469 ;
; INPUT[8]   ; OUTPUT[16]  ; 9.989  ;        ;        ; 9.989  ;
; INPUT[8]   ; Z           ;        ; 13.378 ; 13.378 ;        ;
; INPUT[9]   ; OUTPUT[8]   ; 10.466 ;        ;        ; 10.466 ;
; INPUT[9]   ; OUTPUT[9]   ; 10.887 ;        ;        ; 10.887 ;
; INPUT[9]   ; OUTPUT[17]  ; 9.751  ;        ;        ; 9.751  ;
; INPUT[9]   ; Z           ;        ; 13.248 ; 13.248 ;        ;
; INPUT[10]  ; OUTPUT[9]   ; 10.988 ;        ;        ; 10.988 ;
; INPUT[10]  ; OUTPUT[10]  ; 11.332 ;        ;        ; 11.332 ;
; INPUT[10]  ; OUTPUT[18]  ; 9.916  ;        ;        ; 9.916  ;
; INPUT[10]  ; Z           ;        ; 13.023 ; 13.023 ;        ;
; INPUT[11]  ; OUTPUT[10]  ; 7.434  ;        ;        ; 7.434  ;
; INPUT[11]  ; OUTPUT[11]  ; 7.319  ;        ;        ; 7.319  ;
; INPUT[11]  ; OUTPUT[19]  ; 5.956  ;        ;        ; 5.956  ;
; INPUT[11]  ; Z           ;        ; 9.339  ; 9.339  ;        ;
; INPUT[12]  ; OUTPUT[11]  ; 7.160  ;        ;        ; 7.160  ;
; INPUT[12]  ; OUTPUT[12]  ; 7.317  ;        ;        ; 7.317  ;
; INPUT[12]  ; OUTPUT[20]  ; 5.801  ;        ;        ; 5.801  ;
; INPUT[12]  ; Z           ;        ; 9.180  ; 9.180  ;        ;
; INPUT[13]  ; OUTPUT[12]  ; 7.315  ;        ;        ; 7.315  ;
; INPUT[13]  ; OUTPUT[13]  ; 7.189  ;        ;        ; 7.189  ;
; INPUT[13]  ; OUTPUT[21]  ; 6.648  ;        ;        ; 6.648  ;
; INPUT[13]  ; Z           ;        ; 9.429  ; 9.429  ;        ;
; INPUT[14]  ; OUTPUT[13]  ; 7.128  ;        ;        ; 7.128  ;
; INPUT[14]  ; OUTPUT[14]  ; 7.051  ;        ;        ; 7.051  ;
; INPUT[14]  ; OUTPUT[22]  ; 6.127  ;        ;        ; 6.127  ;
; INPUT[14]  ; Z           ;        ; 9.673  ; 9.673  ;        ;
; INPUT[15]  ; OUTPUT[14]  ; 10.460 ;        ;        ; 10.460 ;
; INPUT[15]  ; OUTPUT[15]  ; 9.816  ;        ;        ; 9.816  ;
; INPUT[15]  ; OUTPUT[23]  ; 11.242 ;        ;        ; 11.242 ;
; INPUT[15]  ; Z           ;        ; 13.154 ; 13.154 ;        ;
; INPUT[16]  ; OUTPUT[15]  ; 10.431 ;        ;        ; 10.431 ;
; INPUT[16]  ; OUTPUT[16]  ; 9.958  ;        ;        ; 9.958  ;
; INPUT[16]  ; OUTPUT[24]  ; 10.407 ;        ;        ; 10.407 ;
; INPUT[16]  ; Z           ;        ; 13.769 ; 13.769 ;        ;
; INPUT[17]  ; OUTPUT[16]  ; 10.118 ;        ;        ; 10.118 ;
; INPUT[17]  ; OUTPUT[17]  ; 10.385 ;        ;        ; 10.385 ;
; INPUT[17]  ; OUTPUT[25]  ; 10.344 ;        ;        ; 10.344 ;
; INPUT[17]  ; Z           ;        ; 13.507 ; 13.507 ;        ;
; INPUT[18]  ; OUTPUT[17]  ; 10.359 ;        ;        ; 10.359 ;
; INPUT[18]  ; OUTPUT[18]  ; 10.686 ;        ;        ; 10.686 ;
; INPUT[18]  ; OUTPUT[26]  ; 9.940  ;        ;        ; 9.940  ;
; INPUT[18]  ; Z           ;        ; 13.793 ; 13.793 ;        ;
; INPUT[19]  ; OUTPUT[18]  ; 11.042 ;        ;        ; 11.042 ;
; INPUT[19]  ; OUTPUT[19]  ; 10.929 ;        ;        ; 10.929 ;
; INPUT[19]  ; OUTPUT[27]  ; 9.698  ;        ;        ; 9.698  ;
; INPUT[19]  ; Z           ;        ; 14.206 ; 14.206 ;        ;
; INPUT[20]  ; OUTPUT[19]  ; 10.479 ;        ;        ; 10.479 ;
; INPUT[20]  ; OUTPUT[20]  ; 10.939 ;        ;        ; 10.939 ;
; INPUT[20]  ; OUTPUT[28]  ; 9.490  ;        ;        ; 9.490  ;
; INPUT[20]  ; Z           ;        ; 14.263 ; 14.263 ;        ;
; INPUT[21]  ; OUTPUT[20]  ; 11.172 ;        ;        ; 11.172 ;
; INPUT[21]  ; OUTPUT[21]  ; 11.838 ;        ;        ; 11.838 ;
; INPUT[21]  ; OUTPUT[29]  ; 9.967  ;        ;        ; 9.967  ;
; INPUT[21]  ; Z           ;        ; 14.496 ; 14.496 ;        ;
; INPUT[22]  ; OUTPUT[21]  ; 11.781 ;        ;        ; 11.781 ;
; INPUT[22]  ; OUTPUT[22]  ; 11.130 ;        ;        ; 11.130 ;
; INPUT[22]  ; OUTPUT[30]  ; 10.924 ;        ;        ; 10.924 ;
; INPUT[22]  ; Z           ;        ; 14.156 ; 14.156 ;        ;
; INPUT[23]  ; N           ; 10.573 ;        ;        ; 10.573 ;
; INPUT[23]  ; OUTPUT[22]  ; 11.038 ;        ;        ; 11.038 ;
; INPUT[23]  ; OUTPUT[23]  ; 11.936 ;        ;        ; 11.936 ;
; INPUT[23]  ; OUTPUT[31]  ; 10.786 ;        ;        ; 10.786 ;
; INPUT[23]  ; Z           ;        ; 14.024 ; 14.024 ;        ;
; INPUT[24]  ; OUTPUT[23]  ; 12.534 ;        ;        ; 12.534 ;
; INPUT[24]  ; OUTPUT[24]  ; 11.603 ;        ;        ; 11.603 ;
; INPUT[24]  ; Z           ;        ; 14.037 ; 14.037 ;        ;
; INPUT[25]  ; OUTPUT[24]  ; 11.067 ;        ;        ; 11.067 ;
; INPUT[25]  ; OUTPUT[25]  ; 11.469 ;        ;        ; 11.469 ;
; INPUT[25]  ; Z           ;        ; 13.532 ; 13.532 ;        ;
; INPUT[26]  ; OUTPUT[25]  ; 10.875 ;        ;        ; 10.875 ;
; INPUT[26]  ; OUTPUT[26]  ; 10.665 ;        ;        ; 10.665 ;
; INPUT[26]  ; Z           ;        ; 13.107 ; 13.107 ;        ;
; INPUT[27]  ; OUTPUT[26]  ; 10.718 ;        ;        ; 10.718 ;
; INPUT[27]  ; OUTPUT[27]  ; 10.475 ;        ;        ; 10.475 ;
; INPUT[27]  ; Z           ;        ; 14.020 ; 14.020 ;        ;
; INPUT[28]  ; OUTPUT[27]  ; 10.442 ;        ;        ; 10.442 ;
; INPUT[28]  ; OUTPUT[28]  ; 10.651 ;        ;        ; 10.651 ;
; INPUT[28]  ; Z           ;        ; 13.987 ; 13.987 ;        ;
; INPUT[29]  ; OUTPUT[28]  ; 10.558 ;        ;        ; 10.558 ;
; INPUT[29]  ; OUTPUT[29]  ; 10.555 ;        ;        ; 10.555 ;
; INPUT[29]  ; Z           ;        ; 13.782 ; 13.782 ;        ;
; INPUT[30]  ; OUTPUT[29]  ; 10.187 ;        ;        ; 10.187 ;
; INPUT[30]  ; OUTPUT[30]  ; 10.821 ;        ;        ; 10.821 ;
; INPUT[30]  ; Z           ;        ; 13.918 ; 13.918 ;        ;
; INPUT[31]  ; N           ; 10.667 ;        ;        ; 10.667 ;
; INPUT[31]  ; OUTPUT[30]  ; 10.170 ;        ;        ; 10.170 ;
; INPUT[31]  ; OUTPUT[31]  ; 10.880 ;        ;        ; 10.880 ;
; INPUT[31]  ; Z           ;        ; 13.267 ; 13.267 ;        ;
; MIR[22]    ; N           ;        ; 11.061 ; 11.061 ;        ;
; MIR[22]    ; OUTPUT[0]   ; 10.416 ; 10.416 ; 10.416 ; 10.416 ;
; MIR[22]    ; OUTPUT[1]   ; 10.483 ; 10.483 ; 10.483 ; 10.483 ;
; MIR[22]    ; OUTPUT[2]   ; 10.115 ; 10.115 ; 10.115 ; 10.115 ;
; MIR[22]    ; OUTPUT[3]   ; 10.473 ; 10.473 ; 10.473 ; 10.473 ;
; MIR[22]    ; OUTPUT[4]   ; 10.716 ; 10.716 ; 10.716 ; 10.716 ;
; MIR[22]    ; OUTPUT[5]   ; 10.708 ; 10.708 ; 10.708 ; 10.708 ;
; MIR[22]    ; OUTPUT[6]   ; 9.998  ; 9.998  ; 9.998  ; 9.998  ;
; MIR[22]    ; OUTPUT[7]   ; 10.232 ; 10.232 ; 10.232 ; 10.232 ;
; MIR[22]    ; OUTPUT[8]   ; 10.732 ; 10.732 ; 10.732 ; 10.732 ;
; MIR[22]    ; OUTPUT[9]   ; 11.151 ; 11.151 ; 11.151 ; 11.151 ;
; MIR[22]    ; OUTPUT[10]  ; 11.505 ; 11.505 ; 11.505 ; 11.505 ;
; MIR[22]    ; OUTPUT[11]  ; 11.370 ; 11.370 ; 11.370 ; 11.370 ;
; MIR[22]    ; OUTPUT[12]  ; 11.368 ; 11.368 ; 11.368 ; 11.368 ;
; MIR[22]    ; OUTPUT[13]  ; 11.230 ; 11.230 ; 11.230 ; 11.230 ;
; MIR[22]    ; OUTPUT[14]  ; 11.157 ; 11.157 ; 11.157 ; 11.157 ;
; MIR[22]    ; OUTPUT[15]  ; 10.514 ; 10.514 ; 10.514 ; 10.514 ;
; MIR[22]    ; OUTPUT[16]  ; 10.462 ; 10.462 ; 10.462 ; 10.462 ;
; MIR[22]    ; OUTPUT[17]  ; 10.731 ; 10.731 ; 10.731 ; 10.731 ;
; MIR[22]    ; OUTPUT[18]  ; 11.402 ; 11.402 ; 11.402 ; 11.402 ;
; MIR[22]    ; OUTPUT[19]  ; 11.553 ; 11.553 ; 11.553 ; 11.553 ;
; MIR[22]    ; OUTPUT[20]  ; 11.520 ; 11.520 ; 11.520 ; 11.520 ;
; MIR[22]    ; OUTPUT[21]  ; 12.180 ; 12.180 ; 12.180 ; 12.180 ;
; MIR[22]    ; OUTPUT[22]  ; 11.518 ; 11.518 ; 11.518 ; 11.518 ;
; MIR[22]    ; OUTPUT[23]  ; 12.199 ; 12.199 ; 12.199 ; 12.199 ;
; MIR[22]    ; OUTPUT[24]  ; 11.256 ; 11.256 ; 11.256 ; 11.256 ;
; MIR[22]    ; OUTPUT[25]  ; 11.768 ; 11.768 ; 11.768 ; 11.768 ;
; MIR[22]    ; OUTPUT[26]  ; 10.992 ; 10.992 ; 10.992 ; 10.992 ;
; MIR[22]    ; OUTPUT[27]  ; 11.039 ; 11.039 ; 11.039 ; 11.039 ;
; MIR[22]    ; OUTPUT[28]  ; 10.979 ; 10.979 ; 10.979 ; 10.979 ;
; MIR[22]    ; OUTPUT[29]  ; 10.978 ; 10.978 ; 10.978 ; 10.978 ;
; MIR[22]    ; OUTPUT[30]  ; 10.573 ; 11.476 ; 11.476 ; 10.573 ;
; MIR[22]    ; OUTPUT[31]  ;        ; 11.274 ; 11.274 ;        ;
; MIR[22]    ; Z           ; 14.844 ; 14.844 ; 14.844 ; 14.844 ;
; MIR[23]    ; N           ; 11.416 ; 11.416 ; 11.416 ; 11.416 ;
; MIR[23]    ; OUTPUT[0]   ;        ; 9.886  ; 9.886  ;        ;
; MIR[23]    ; OUTPUT[1]   ;        ; 9.952  ; 9.952  ;        ;
; MIR[23]    ; OUTPUT[2]   ;        ; 9.585  ; 9.585  ;        ;
; MIR[23]    ; OUTPUT[3]   ;        ; 10.084 ; 10.084 ;        ;
; MIR[23]    ; OUTPUT[4]   ;        ; 9.923  ; 9.923  ;        ;
; MIR[23]    ; OUTPUT[5]   ;        ; 9.905  ; 9.905  ;        ;
; MIR[23]    ; OUTPUT[6]   ;        ; 9.501  ; 9.501  ;        ;
; MIR[23]    ; OUTPUT[7]   ;        ; 11.135 ; 11.135 ;        ;
; MIR[23]    ; OUTPUT[8]   ; 11.144 ; 11.639 ; 11.639 ; 11.144 ;
; MIR[23]    ; OUTPUT[9]   ; 9.843  ; 12.061 ; 12.061 ; 9.843  ;
; MIR[23]    ; OUTPUT[10]  ; 9.827  ; 12.407 ; 12.407 ; 9.827  ;
; MIR[23]    ; OUTPUT[11]  ; 10.070 ; 12.285 ; 12.285 ; 10.070 ;
; MIR[23]    ; OUTPUT[12]  ; 10.028 ; 12.271 ; 12.271 ; 10.028 ;
; MIR[23]    ; OUTPUT[13]  ; 9.585  ; 12.133 ; 12.133 ; 9.585  ;
; MIR[23]    ; OUTPUT[14]  ; 9.235  ; 12.060 ; 12.060 ; 9.235  ;
; MIR[23]    ; OUTPUT[15]  ; 10.913 ; 11.417 ; 11.417 ; 10.913 ;
; MIR[23]    ; OUTPUT[16]  ; 10.521 ; 11.103 ; 11.103 ; 10.521 ;
; MIR[23]    ; OUTPUT[17]  ; 10.515 ; 11.370 ; 11.370 ; 10.515 ;
; MIR[23]    ; OUTPUT[18]  ; 10.796 ; 11.152 ; 11.152 ; 10.796 ;
; MIR[23]    ; OUTPUT[19]  ; 10.927 ; 11.627 ; 11.627 ; 10.927 ;
; MIR[23]    ; OUTPUT[20]  ; 10.926 ; 11.849 ; 11.849 ; 10.926 ;
; MIR[23]    ; OUTPUT[21]  ; 11.603 ; 12.529 ; 12.529 ; 11.603 ;
; MIR[23]    ; OUTPUT[22]  ; 11.131 ; 11.877 ; 11.877 ; 11.131 ;
; MIR[23]    ; OUTPUT[23]  ; 11.994 ; 12.665 ; 12.665 ; 11.994 ;
; MIR[23]    ; OUTPUT[24]  ; 11.413 ; 11.903 ; 11.903 ; 11.413 ;
; MIR[23]    ; OUTPUT[25]  ; 11.470 ; 11.960 ; 11.960 ; 11.470 ;
; MIR[23]    ; OUTPUT[26]  ; 10.946 ; 11.458 ; 11.458 ; 10.946 ;
; MIR[23]    ; OUTPUT[27]  ; 10.423 ; 10.815 ; 10.815 ; 10.423 ;
; MIR[23]    ; OUTPUT[28]  ; 10.662 ; 11.328 ; 11.328 ; 10.662 ;
; MIR[23]    ; OUTPUT[29]  ; 10.645 ; 11.320 ; 11.320 ; 10.645 ;
; MIR[23]    ; OUTPUT[30]  ; 11.811 ; 11.811 ; 11.811 ; 11.811 ;
; MIR[23]    ; OUTPUT[31]  ; 11.629 ; 11.629 ; 11.629 ; 11.629 ;
; MIR[23]    ; Z           ; 15.173 ; 14.908 ; 14.908 ; 15.173 ;
+------------+-------------+--------+--------+--------+--------+


+--------------------------------------------------------------+
; Minimum Propagation Delay                                    ;
+------------+-------------+--------+--------+--------+--------+
; Input Port ; Output Port ; RR     ; RF     ; FR     ; FF     ;
+------------+-------------+--------+--------+--------+--------+
; INPUT[0]   ; OUTPUT[0]   ; 9.845  ;        ;        ; 9.845  ;
; INPUT[0]   ; OUTPUT[8]   ; 10.403 ;        ;        ; 10.403 ;
; INPUT[0]   ; Z           ;        ; 10.940 ; 10.940 ;        ;
; INPUT[1]   ; OUTPUT[0]   ; 9.678  ;        ;        ; 9.678  ;
; INPUT[1]   ; OUTPUT[1]   ; 9.746  ;        ;        ; 9.746  ;
; INPUT[1]   ; OUTPUT[9]   ; 9.496  ;        ;        ; 9.496  ;
; INPUT[1]   ; Z           ;        ; 10.642 ; 10.642 ;        ;
; INPUT[2]   ; OUTPUT[1]   ; 9.696  ;        ;        ; 9.696  ;
; INPUT[2]   ; OUTPUT[2]   ; 9.328  ;        ;        ; 9.328  ;
; INPUT[2]   ; OUTPUT[10]  ; 9.569  ;        ;        ; 9.569  ;
; INPUT[2]   ; Z           ;        ; 10.592 ; 10.592 ;        ;
; INPUT[3]   ; OUTPUT[2]   ; 9.550  ;        ;        ; 9.550  ;
; INPUT[3]   ; OUTPUT[3]   ; 9.736  ;        ;        ; 9.736  ;
; INPUT[3]   ; OUTPUT[11]  ; 9.899  ;        ;        ; 9.899  ;
; INPUT[3]   ; Z           ;        ; 11.526 ; 11.526 ;        ;
; INPUT[4]   ; OUTPUT[3]   ; 9.915  ;        ;        ; 9.915  ;
; INPUT[4]   ; OUTPUT[4]   ; 9.584  ;        ;        ; 9.584  ;
; INPUT[4]   ; OUTPUT[12]  ; 9.855  ;        ;        ; 9.855  ;
; INPUT[4]   ; Z           ;        ; 11.504 ; 11.504 ;        ;
; INPUT[5]   ; OUTPUT[4]   ; 9.877  ;        ;        ; 9.877  ;
; INPUT[5]   ; OUTPUT[5]   ; 9.560  ;        ;        ; 9.560  ;
; INPUT[5]   ; OUTPUT[13]  ; 9.540  ;        ;        ; 9.540  ;
; INPUT[5]   ; Z           ;        ; 11.159 ; 11.159 ;        ;
; INPUT[6]   ; OUTPUT[5]   ; 9.935  ;        ;        ; 9.935  ;
; INPUT[6]   ; OUTPUT[6]   ; 9.890  ;        ;        ; 9.890  ;
; INPUT[6]   ; OUTPUT[14]  ; 9.929  ;        ;        ; 9.929  ;
; INPUT[6]   ; Z           ;        ; 11.534 ; 11.534 ;        ;
; INPUT[7]   ; OUTPUT[6]   ; 9.149  ;        ;        ; 9.149  ;
; INPUT[7]   ; OUTPUT[7]   ; 9.950  ;        ;        ; 9.950  ;
; INPUT[7]   ; OUTPUT[15]  ; 9.728  ;        ;        ; 9.728  ;
; INPUT[7]   ; Z           ;        ; 11.628 ; 11.628 ;        ;
; INPUT[8]   ; OUTPUT[7]   ; 9.963  ;        ;        ; 9.963  ;
; INPUT[8]   ; OUTPUT[8]   ; 10.469 ;        ;        ; 10.469 ;
; INPUT[8]   ; OUTPUT[16]  ; 9.989  ;        ;        ; 9.989  ;
; INPUT[8]   ; Z           ;        ; 12.846 ; 12.846 ;        ;
; INPUT[9]   ; OUTPUT[8]   ; 10.466 ;        ;        ; 10.466 ;
; INPUT[9]   ; OUTPUT[9]   ; 10.887 ;        ;        ; 10.887 ;
; INPUT[9]   ; OUTPUT[17]  ; 9.751  ;        ;        ; 9.751  ;
; INPUT[9]   ; Z           ;        ; 12.338 ; 12.338 ;        ;
; INPUT[10]  ; OUTPUT[9]   ; 10.988 ;        ;        ; 10.988 ;
; INPUT[10]  ; OUTPUT[10]  ; 11.332 ;        ;        ; 11.332 ;
; INPUT[10]  ; OUTPUT[18]  ; 9.916  ;        ;        ; 9.916  ;
; INPUT[10]  ; Z           ;        ; 12.439 ; 12.439 ;        ;
; INPUT[11]  ; OUTPUT[10]  ; 7.434  ;        ;        ; 7.434  ;
; INPUT[11]  ; OUTPUT[11]  ; 7.319  ;        ;        ; 7.319  ;
; INPUT[11]  ; OUTPUT[19]  ; 5.956  ;        ;        ; 5.956  ;
; INPUT[11]  ; Z           ;        ; 8.628  ; 8.628  ;        ;
; INPUT[12]  ; OUTPUT[11]  ; 7.160  ;        ;        ; 7.160  ;
; INPUT[12]  ; OUTPUT[12]  ; 7.317  ;        ;        ; 7.317  ;
; INPUT[12]  ; OUTPUT[20]  ; 5.801  ;        ;        ; 5.801  ;
; INPUT[12]  ; Z           ;        ; 9.123  ; 9.123  ;        ;
; INPUT[13]  ; OUTPUT[12]  ; 7.315  ;        ;        ; 7.315  ;
; INPUT[13]  ; OUTPUT[13]  ; 7.189  ;        ;        ; 7.189  ;
; INPUT[13]  ; OUTPUT[21]  ; 6.648  ;        ;        ; 6.648  ;
; INPUT[13]  ; Z           ;        ; 9.023  ; 9.023  ;        ;
; INPUT[14]  ; OUTPUT[13]  ; 7.128  ;        ;        ; 7.128  ;
; INPUT[14]  ; OUTPUT[14]  ; 7.051  ;        ;        ; 7.051  ;
; INPUT[14]  ; OUTPUT[22]  ; 6.127  ;        ;        ; 6.127  ;
; INPUT[14]  ; Z           ;        ; 9.113  ; 9.113  ;        ;
; INPUT[15]  ; OUTPUT[14]  ; 10.460 ;        ;        ; 10.460 ;
; INPUT[15]  ; OUTPUT[15]  ; 9.816  ;        ;        ; 9.816  ;
; INPUT[15]  ; OUTPUT[23]  ; 11.242 ;        ;        ; 11.242 ;
; INPUT[15]  ; Z           ;        ; 12.745 ; 12.745 ;        ;
; INPUT[16]  ; OUTPUT[15]  ; 10.431 ;        ;        ; 10.431 ;
; INPUT[16]  ; OUTPUT[16]  ; 9.958  ;        ;        ; 9.958  ;
; INPUT[16]  ; OUTPUT[24]  ; 10.407 ;        ;        ; 10.407 ;
; INPUT[16]  ; Z           ;        ; 12.621 ; 12.621 ;        ;
; INPUT[17]  ; OUTPUT[16]  ; 10.118 ;        ;        ; 10.118 ;
; INPUT[17]  ; OUTPUT[17]  ; 10.385 ;        ;        ; 10.385 ;
; INPUT[17]  ; OUTPUT[25]  ; 10.344 ;        ;        ; 10.344 ;
; INPUT[17]  ; Z           ;        ; 12.407 ; 12.407 ;        ;
; INPUT[18]  ; OUTPUT[17]  ; 10.359 ;        ;        ; 10.359 ;
; INPUT[18]  ; OUTPUT[18]  ; 10.686 ;        ;        ; 10.686 ;
; INPUT[18]  ; OUTPUT[26]  ; 9.940  ;        ;        ; 9.940  ;
; INPUT[18]  ; Z           ;        ; 12.382 ; 12.382 ;        ;
; INPUT[19]  ; OUTPUT[18]  ; 11.042 ;        ;        ; 11.042 ;
; INPUT[19]  ; OUTPUT[19]  ; 10.929 ;        ;        ; 10.929 ;
; INPUT[19]  ; OUTPUT[27]  ; 9.698  ;        ;        ; 9.698  ;
; INPUT[19]  ; Z           ;        ; 13.243 ; 13.243 ;        ;
; INPUT[20]  ; OUTPUT[19]  ; 10.479 ;        ;        ; 10.479 ;
; INPUT[20]  ; OUTPUT[20]  ; 10.939 ;        ;        ; 10.939 ;
; INPUT[20]  ; OUTPUT[28]  ; 9.490  ;        ;        ; 9.490  ;
; INPUT[20]  ; Z           ;        ; 12.714 ; 12.714 ;        ;
; INPUT[21]  ; OUTPUT[20]  ; 11.172 ;        ;        ; 11.172 ;
; INPUT[21]  ; OUTPUT[21]  ; 11.838 ;        ;        ; 11.838 ;
; INPUT[21]  ; OUTPUT[29]  ; 9.967  ;        ;        ; 9.967  ;
; INPUT[21]  ; Z           ;        ; 13.061 ; 13.061 ;        ;
; INPUT[22]  ; OUTPUT[21]  ; 11.781 ;        ;        ; 11.781 ;
; INPUT[22]  ; OUTPUT[22]  ; 11.130 ;        ;        ; 11.130 ;
; INPUT[22]  ; OUTPUT[30]  ; 10.924 ;        ;        ; 10.924 ;
; INPUT[22]  ; Z           ;        ; 14.021 ; 14.021 ;        ;
; INPUT[23]  ; N           ; 10.573 ;        ;        ; 10.573 ;
; INPUT[23]  ; OUTPUT[22]  ; 11.038 ;        ;        ; 11.038 ;
; INPUT[23]  ; OUTPUT[23]  ; 11.936 ;        ;        ; 11.936 ;
; INPUT[23]  ; OUTPUT[31]  ; 10.786 ;        ;        ; 10.786 ;
; INPUT[23]  ; Z           ;        ; 12.194 ; 12.194 ;        ;
; INPUT[24]  ; OUTPUT[23]  ; 12.534 ;        ;        ; 12.534 ;
; INPUT[24]  ; OUTPUT[24]  ; 11.603 ;        ;        ; 11.603 ;
; INPUT[24]  ; Z           ;        ; 13.817 ; 13.817 ;        ;
; INPUT[25]  ; OUTPUT[24]  ; 11.067 ;        ;        ; 11.067 ;
; INPUT[25]  ; OUTPUT[25]  ; 11.469 ;        ;        ; 11.469 ;
; INPUT[25]  ; Z           ;        ; 13.281 ; 13.281 ;        ;
; INPUT[26]  ; OUTPUT[25]  ; 10.875 ;        ;        ; 10.875 ;
; INPUT[26]  ; OUTPUT[26]  ; 10.665 ;        ;        ; 10.665 ;
; INPUT[26]  ; Z           ;        ; 12.938 ; 12.938 ;        ;
; INPUT[27]  ; OUTPUT[26]  ; 10.718 ;        ;        ; 10.718 ;
; INPUT[27]  ; OUTPUT[27]  ; 10.475 ;        ;        ; 10.475 ;
; INPUT[27]  ; Z           ;        ; 13.160 ; 13.160 ;        ;
; INPUT[28]  ; OUTPUT[27]  ; 10.442 ;        ;        ; 10.442 ;
; INPUT[28]  ; OUTPUT[28]  ; 10.651 ;        ;        ; 10.651 ;
; INPUT[28]  ; Z           ;        ; 13.875 ; 13.875 ;        ;
; INPUT[29]  ; OUTPUT[28]  ; 10.558 ;        ;        ; 10.558 ;
; INPUT[29]  ; OUTPUT[29]  ; 10.555 ;        ;        ; 10.555 ;
; INPUT[29]  ; Z           ;        ; 13.649 ; 13.649 ;        ;
; INPUT[30]  ; OUTPUT[29]  ; 10.187 ;        ;        ; 10.187 ;
; INPUT[30]  ; OUTPUT[30]  ; 10.821 ;        ;        ; 10.821 ;
; INPUT[30]  ; Z           ;        ; 13.281 ; 13.281 ;        ;
; INPUT[31]  ; N           ; 10.667 ;        ;        ; 10.667 ;
; INPUT[31]  ; OUTPUT[30]  ; 10.170 ;        ;        ; 10.170 ;
; INPUT[31]  ; OUTPUT[31]  ; 10.880 ;        ;        ; 10.880 ;
; INPUT[31]  ; Z           ;        ; 12.288 ; 12.288 ;        ;
; MIR[22]    ; N           ;        ; 11.061 ; 11.061 ;        ;
; MIR[22]    ; OUTPUT[0]   ; 10.416 ; 10.416 ; 10.416 ; 10.416 ;
; MIR[22]    ; OUTPUT[1]   ; 10.483 ; 10.483 ; 10.483 ; 10.483 ;
; MIR[22]    ; OUTPUT[2]   ; 10.115 ; 10.115 ; 10.115 ; 10.115 ;
; MIR[22]    ; OUTPUT[3]   ; 10.473 ; 10.473 ; 10.473 ; 10.473 ;
; MIR[22]    ; OUTPUT[4]   ; 10.716 ; 10.716 ; 10.716 ; 10.716 ;
; MIR[22]    ; OUTPUT[5]   ; 10.708 ; 10.708 ; 10.708 ; 10.708 ;
; MIR[22]    ; OUTPUT[6]   ; 9.998  ; 9.998  ; 9.998  ; 9.998  ;
; MIR[22]    ; OUTPUT[7]   ; 10.232 ; 10.232 ; 10.232 ; 10.232 ;
; MIR[22]    ; OUTPUT[8]   ; 10.732 ; 10.239 ; 10.239 ; 10.732 ;
; MIR[22]    ; OUTPUT[9]   ; 11.151 ; 10.232 ; 10.232 ; 11.151 ;
; MIR[22]    ; OUTPUT[10]  ; 11.505 ; 10.340 ; 10.340 ; 11.505 ;
; MIR[22]    ; OUTPUT[11]  ; 11.370 ; 10.460 ; 10.460 ; 11.370 ;
; MIR[22]    ; OUTPUT[12]  ; 11.368 ; 10.396 ; 10.396 ; 11.368 ;
; MIR[22]    ; OUTPUT[13]  ; 11.230 ; 10.101 ; 10.101 ; 11.230 ;
; MIR[22]    ; OUTPUT[14]  ; 11.157 ; 10.037 ; 10.037 ; 11.157 ;
; MIR[22]    ; OUTPUT[15]  ; 10.514 ; 10.008 ; 10.008 ; 10.514 ;
; MIR[22]    ; OUTPUT[16]  ; 10.462 ; 10.302 ; 10.302 ; 10.462 ;
; MIR[22]    ; OUTPUT[17]  ; 10.731 ; 10.042 ; 10.042 ; 10.731 ;
; MIR[22]    ; OUTPUT[18]  ; 11.402 ; 10.466 ; 10.466 ; 11.402 ;
; MIR[22]    ; OUTPUT[19]  ; 11.553 ; 10.023 ; 10.023 ; 11.553 ;
; MIR[22]    ; OUTPUT[20]  ; 11.520 ; 10.013 ; 10.013 ; 11.520 ;
; MIR[22]    ; OUTPUT[21]  ; 12.180 ; 10.700 ; 10.700 ; 12.180 ;
; MIR[22]    ; OUTPUT[22]  ; 11.518 ; 10.216 ; 10.216 ; 11.518 ;
; MIR[22]    ; OUTPUT[23]  ; 12.199 ; 11.527 ; 11.527 ; 12.199 ;
; MIR[22]    ; OUTPUT[24]  ; 11.256 ; 10.773 ; 10.773 ; 11.256 ;
; MIR[22]    ; OUTPUT[25]  ; 11.768 ; 10.830 ; 10.830 ; 11.768 ;
; MIR[22]    ; OUTPUT[26]  ; 10.992 ; 10.306 ; 10.306 ; 10.992 ;
; MIR[22]    ; OUTPUT[27]  ; 11.039 ; 10.359 ; 10.359 ; 11.039 ;
; MIR[22]    ; OUTPUT[28]  ; 10.979 ; 10.302 ; 10.302 ; 10.979 ;
; MIR[22]    ; OUTPUT[29]  ; 10.978 ; 10.315 ; 10.315 ; 10.978 ;
; MIR[22]    ; OUTPUT[30]  ; 10.573 ; 11.476 ; 11.476 ; 10.573 ;
; MIR[22]    ; OUTPUT[31]  ;        ; 11.274 ; 11.274 ;        ;
; MIR[22]    ; Z           ; 11.379 ; 11.379 ; 11.379 ; 11.379 ;
; MIR[23]    ; N           ; 11.416 ; 11.416 ; 11.416 ; 11.416 ;
; MIR[23]    ; OUTPUT[0]   ;        ; 9.886  ; 9.886  ;        ;
; MIR[23]    ; OUTPUT[1]   ;        ; 9.952  ; 9.952  ;        ;
; MIR[23]    ; OUTPUT[2]   ;        ; 9.585  ; 9.585  ;        ;
; MIR[23]    ; OUTPUT[3]   ;        ; 10.084 ; 10.084 ;        ;
; MIR[23]    ; OUTPUT[4]   ;        ; 9.923  ; 9.923  ;        ;
; MIR[23]    ; OUTPUT[5]   ;        ; 9.905  ; 9.905  ;        ;
; MIR[23]    ; OUTPUT[6]   ;        ; 9.501  ; 9.501  ;        ;
; MIR[23]    ; OUTPUT[7]   ;        ; 11.135 ; 11.135 ;        ;
; MIR[23]    ; OUTPUT[8]   ; 11.144 ; 11.639 ; 11.639 ; 11.144 ;
; MIR[23]    ; OUTPUT[9]   ; 9.843  ; 12.061 ; 12.061 ; 9.843  ;
; MIR[23]    ; OUTPUT[10]  ; 9.827  ; 12.407 ; 12.407 ; 9.827  ;
; MIR[23]    ; OUTPUT[11]  ; 10.070 ; 12.285 ; 12.285 ; 10.070 ;
; MIR[23]    ; OUTPUT[12]  ; 10.028 ; 12.271 ; 12.271 ; 10.028 ;
; MIR[23]    ; OUTPUT[13]  ; 9.585  ; 12.133 ; 12.133 ; 9.585  ;
; MIR[23]    ; OUTPUT[14]  ; 9.235  ; 12.060 ; 12.060 ; 9.235  ;
; MIR[23]    ; OUTPUT[15]  ; 10.913 ; 11.417 ; 11.417 ; 10.913 ;
; MIR[23]    ; OUTPUT[16]  ; 10.521 ; 11.103 ; 11.103 ; 10.521 ;
; MIR[23]    ; OUTPUT[17]  ; 10.515 ; 11.370 ; 11.370 ; 10.515 ;
; MIR[23]    ; OUTPUT[18]  ; 10.796 ; 11.152 ; 11.152 ; 10.796 ;
; MIR[23]    ; OUTPUT[19]  ; 10.927 ; 11.627 ; 11.627 ; 10.927 ;
; MIR[23]    ; OUTPUT[20]  ; 10.926 ; 11.849 ; 11.849 ; 10.926 ;
; MIR[23]    ; OUTPUT[21]  ; 11.603 ; 12.529 ; 12.529 ; 11.603 ;
; MIR[23]    ; OUTPUT[22]  ; 11.131 ; 11.877 ; 11.877 ; 11.131 ;
; MIR[23]    ; OUTPUT[23]  ; 11.994 ; 12.665 ; 12.665 ; 11.994 ;
; MIR[23]    ; OUTPUT[24]  ; 11.413 ; 11.903 ; 11.903 ; 11.413 ;
; MIR[23]    ; OUTPUT[25]  ; 11.470 ; 11.960 ; 11.960 ; 11.470 ;
; MIR[23]    ; OUTPUT[26]  ; 10.946 ; 11.458 ; 11.458 ; 10.946 ;
; MIR[23]    ; OUTPUT[27]  ; 10.423 ; 10.815 ; 10.815 ; 10.423 ;
; MIR[23]    ; OUTPUT[28]  ; 10.662 ; 11.328 ; 11.328 ; 10.662 ;
; MIR[23]    ; OUTPUT[29]  ; 10.645 ; 11.320 ; 11.320 ; 10.645 ;
; MIR[23]    ; OUTPUT[30]  ; 11.811 ; 10.913 ; 10.913 ; 11.811 ;
; MIR[23]    ; OUTPUT[31]  ; 11.629 ; 11.629 ; 11.629 ; 11.629 ;
; MIR[23]    ; Z           ; 10.848 ; 11.021 ; 11.021 ; 10.848 ;
+------------+-------------+--------+--------+--------+--------+


----------------------------
; Fast Model Setup Summary ;
----------------------------
No paths to report.


---------------------------
; Fast Model Hold Summary ;
---------------------------
No paths to report.


-------------------------------
; Fast Model Recovery Summary ;
-------------------------------
No paths to report.


------------------------------
; Fast Model Removal Summary ;
------------------------------
No paths to report.


------------------------------------------
; Fast Model Minimum Pulse Width Summary ;
------------------------------------------
No paths to report.


+----------------------------------------------------------+
; Propagation Delay                                        ;
+------------+-------------+-------+-------+-------+-------+
; Input Port ; Output Port ; RR    ; RF    ; FR    ; FF    ;
+------------+-------------+-------+-------+-------+-------+
; INPUT[0]   ; OUTPUT[0]   ; 5.396 ;       ;       ; 5.396 ;
; INPUT[0]   ; OUTPUT[8]   ; 5.694 ;       ;       ; 5.694 ;
; INPUT[0]   ; Z           ;       ; 6.856 ; 6.856 ;       ;
; INPUT[1]   ; OUTPUT[0]   ; 5.323 ;       ;       ; 5.323 ;
; INPUT[1]   ; OUTPUT[1]   ; 5.410 ;       ;       ; 5.410 ;
; INPUT[1]   ; OUTPUT[9]   ; 5.285 ;       ;       ; 5.285 ;
; INPUT[1]   ; Z           ;       ; 5.868 ; 5.868 ;       ;
; INPUT[2]   ; OUTPUT[1]   ; 5.388 ;       ;       ; 5.388 ;
; INPUT[2]   ; OUTPUT[2]   ; 5.164 ;       ;       ; 5.164 ;
; INPUT[2]   ; OUTPUT[10]  ; 5.261 ;       ;       ; 5.261 ;
; INPUT[2]   ; Z           ;       ; 6.351 ; 6.351 ;       ;
; INPUT[3]   ; OUTPUT[2]   ; 5.289 ;       ;       ; 5.289 ;
; INPUT[3]   ; OUTPUT[3]   ; 5.427 ;       ;       ; 5.427 ;
; INPUT[3]   ; OUTPUT[11]  ; 5.459 ;       ;       ; 5.459 ;
; INPUT[3]   ; Z           ;       ; 6.476 ; 6.476 ;       ;
; INPUT[4]   ; OUTPUT[3]   ; 5.504 ;       ;       ; 5.504 ;
; INPUT[4]   ; OUTPUT[4]   ; 5.321 ;       ;       ; 5.321 ;
; INPUT[4]   ; OUTPUT[12]  ; 5.422 ;       ;       ; 5.422 ;
; INPUT[4]   ; Z           ;       ; 6.263 ; 6.263 ;       ;
; INPUT[5]   ; OUTPUT[4]   ; 5.436 ;       ;       ; 5.436 ;
; INPUT[5]   ; OUTPUT[5]   ; 5.294 ;       ;       ; 5.294 ;
; INPUT[5]   ; OUTPUT[13]  ; 5.262 ;       ;       ; 5.262 ;
; INPUT[5]   ; Z           ;       ; 6.273 ; 6.273 ;       ;
; INPUT[6]   ; OUTPUT[5]   ; 5.444 ;       ;       ; 5.444 ;
; INPUT[6]   ; OUTPUT[6]   ; 5.453 ;       ;       ; 5.453 ;
; INPUT[6]   ; OUTPUT[14]  ; 5.497 ;       ;       ; 5.497 ;
; INPUT[6]   ; Z           ;       ; 6.606 ; 6.606 ;       ;
; INPUT[7]   ; OUTPUT[6]   ; 5.129 ;       ;       ; 5.129 ;
; INPUT[7]   ; OUTPUT[7]   ; 5.494 ;       ;       ; 5.494 ;
; INPUT[7]   ; OUTPUT[15]  ; 5.394 ;       ;       ; 5.394 ;
; INPUT[7]   ; Z           ;       ; 6.839 ; 6.839 ;       ;
; INPUT[8]   ; OUTPUT[7]   ; 5.559 ;       ;       ; 5.559 ;
; INPUT[8]   ; OUTPUT[8]   ; 5.782 ;       ;       ; 5.782 ;
; INPUT[8]   ; OUTPUT[16]  ; 5.578 ;       ;       ; 5.578 ;
; INPUT[8]   ; Z           ;       ; 7.074 ; 7.074 ;       ;
; INPUT[9]   ; OUTPUT[8]   ; 5.733 ;       ;       ; 5.733 ;
; INPUT[9]   ; OUTPUT[9]   ; 5.916 ;       ;       ; 5.916 ;
; INPUT[9]   ; OUTPUT[17]  ; 5.459 ;       ;       ; 5.459 ;
; INPUT[9]   ; Z           ;       ; 6.895 ; 6.895 ;       ;
; INPUT[10]  ; OUTPUT[9]   ; 5.965 ;       ;       ; 5.965 ;
; INPUT[10]  ; OUTPUT[10]  ; 6.055 ;       ;       ; 6.055 ;
; INPUT[10]  ; OUTPUT[18]  ; 5.426 ;       ;       ; 5.426 ;
; INPUT[10]  ; Z           ;       ; 6.809 ; 6.809 ;       ;
; INPUT[11]  ; OUTPUT[10]  ; 3.693 ;       ;       ; 3.693 ;
; INPUT[11]  ; OUTPUT[11]  ; 3.671 ;       ;       ; 3.671 ;
; INPUT[11]  ; OUTPUT[19]  ; 3.106 ;       ;       ; 3.106 ;
; INPUT[11]  ; Z           ;       ; 4.549 ; 4.549 ;       ;
; INPUT[12]  ; OUTPUT[11]  ; 3.606 ;       ;       ; 3.606 ;
; INPUT[12]  ; OUTPUT[12]  ; 3.673 ;       ;       ; 3.673 ;
; INPUT[12]  ; OUTPUT[20]  ; 3.047 ;       ;       ; 3.047 ;
; INPUT[12]  ; Z           ;       ; 4.488 ; 4.488 ;       ;
; INPUT[13]  ; OUTPUT[12]  ; 3.653 ;       ;       ; 3.653 ;
; INPUT[13]  ; OUTPUT[13]  ; 3.579 ;       ;       ; 3.579 ;
; INPUT[13]  ; OUTPUT[21]  ; 3.429 ;       ;       ; 3.429 ;
; INPUT[13]  ; Z           ;       ; 4.558 ; 4.558 ;       ;
; INPUT[14]  ; OUTPUT[13]  ; 3.565 ;       ;       ; 3.565 ;
; INPUT[14]  ; OUTPUT[14]  ; 3.591 ;       ;       ; 3.591 ;
; INPUT[14]  ; OUTPUT[22]  ; 3.196 ;       ;       ; 3.196 ;
; INPUT[14]  ; Z           ;       ; 4.700 ; 4.700 ;       ;
; INPUT[15]  ; OUTPUT[14]  ; 5.712 ;       ;       ; 5.712 ;
; INPUT[15]  ; OUTPUT[15]  ; 5.429 ;       ;       ; 5.429 ;
; INPUT[15]  ; OUTPUT[23]  ; 6.156 ;       ;       ; 6.156 ;
; INPUT[15]  ; Z           ;       ; 6.874 ; 6.874 ;       ;
; INPUT[16]  ; OUTPUT[15]  ; 5.758 ;       ;       ; 5.758 ;
; INPUT[16]  ; OUTPUT[16]  ; 5.537 ;       ;       ; 5.537 ;
; INPUT[16]  ; OUTPUT[24]  ; 5.776 ;       ;       ; 5.776 ;
; INPUT[16]  ; Z           ;       ; 7.203 ; 7.203 ;       ;
; INPUT[17]  ; OUTPUT[16]  ; 5.615 ;       ;       ; 5.615 ;
; INPUT[17]  ; OUTPUT[17]  ; 5.728 ;       ;       ; 5.728 ;
; INPUT[17]  ; OUTPUT[25]  ; 5.743 ;       ;       ; 5.743 ;
; INPUT[17]  ; Z           ;       ; 7.111 ; 7.111 ;       ;
; INPUT[18]  ; OUTPUT[17]  ; 5.715 ;       ;       ; 5.715 ;
; INPUT[18]  ; OUTPUT[18]  ; 5.827 ;       ;       ; 5.827 ;
; INPUT[18]  ; OUTPUT[26]  ; 5.553 ;       ;       ; 5.553 ;
; INPUT[18]  ; Z           ;       ; 7.210 ; 7.210 ;       ;
; INPUT[19]  ; OUTPUT[18]  ; 5.933 ;       ;       ; 5.933 ;
; INPUT[19]  ; OUTPUT[19]  ; 5.965 ;       ;       ; 5.965 ;
; INPUT[19]  ; OUTPUT[27]  ; 5.393 ;       ;       ; 5.393 ;
; INPUT[19]  ; Z           ;       ; 7.391 ; 7.391 ;       ;
; INPUT[20]  ; OUTPUT[19]  ; 5.746 ;       ;       ; 5.746 ;
; INPUT[20]  ; OUTPUT[20]  ; 5.948 ;       ;       ; 5.948 ;
; INPUT[20]  ; OUTPUT[28]  ; 5.291 ;       ;       ; 5.291 ;
; INPUT[20]  ; Z           ;       ; 7.389 ; 7.389 ;       ;
; INPUT[21]  ; OUTPUT[20]  ; 6.042 ;       ;       ; 6.042 ;
; INPUT[21]  ; OUTPUT[21]  ; 6.374 ;       ;       ; 6.374 ;
; INPUT[21]  ; OUTPUT[29]  ; 5.494 ;       ;       ; 5.494 ;
; INPUT[21]  ; Z           ;       ; 7.483 ; 7.483 ;       ;
; INPUT[22]  ; OUTPUT[21]  ; 6.358 ;       ;       ; 6.358 ;
; INPUT[22]  ; OUTPUT[22]  ; 6.042 ;       ;       ; 6.042 ;
; INPUT[22]  ; OUTPUT[30]  ; 5.905 ;       ;       ; 5.905 ;
; INPUT[22]  ; Z           ;       ; 7.337 ; 7.337 ;       ;
; INPUT[23]  ; N           ; 5.849 ;       ;       ; 5.849 ;
; INPUT[23]  ; OUTPUT[22]  ; 6.032 ;       ;       ; 6.032 ;
; INPUT[23]  ; OUTPUT[23]  ; 6.490 ;       ;       ; 6.490 ;
; INPUT[23]  ; OUTPUT[31]  ; 5.951 ;       ;       ; 5.951 ;
; INPUT[23]  ; Z           ;       ; 7.299 ; 7.299 ;       ;
; INPUT[24]  ; OUTPUT[23]  ; 6.850 ;       ;       ; 6.850 ;
; INPUT[24]  ; OUTPUT[24]  ; 6.382 ;       ;       ; 6.382 ;
; INPUT[24]  ; Z           ;       ; 7.407 ; 7.407 ;       ;
; INPUT[25]  ; OUTPUT[24]  ; 6.093 ;       ;       ; 6.093 ;
; INPUT[25]  ; OUTPUT[25]  ; 6.263 ;       ;       ; 6.263 ;
; INPUT[25]  ; Z           ;       ; 7.105 ; 7.105 ;       ;
; INPUT[26]  ; OUTPUT[25]  ; 5.981 ;       ;       ; 5.981 ;
; INPUT[26]  ; OUTPUT[26]  ; 5.867 ;       ;       ; 5.867 ;
; INPUT[26]  ; Z           ;       ; 6.895 ; 6.895 ;       ;
; INPUT[27]  ; OUTPUT[26]  ; 5.893 ;       ;       ; 5.893 ;
; INPUT[27]  ; OUTPUT[27]  ; 5.767 ;       ;       ; 5.767 ;
; INPUT[27]  ; Z           ;       ; 7.332 ; 7.332 ;       ;
; INPUT[28]  ; OUTPUT[27]  ; 5.695 ;       ;       ; 5.695 ;
; INPUT[28]  ; OUTPUT[28]  ; 5.790 ;       ;       ; 5.790 ;
; INPUT[28]  ; Z           ;       ; 7.260 ; 7.260 ;       ;
; INPUT[29]  ; OUTPUT[28]  ; 5.743 ;       ;       ; 5.743 ;
; INPUT[29]  ; OUTPUT[29]  ; 5.737 ;       ;       ; 5.737 ;
; INPUT[29]  ; Z           ;       ; 7.130 ; 7.130 ;       ;
; INPUT[30]  ; OUTPUT[29]  ; 5.574 ;       ;       ; 5.574 ;
; INPUT[30]  ; OUTPUT[30]  ; 5.861 ;       ;       ; 5.861 ;
; INPUT[30]  ; Z           ;       ; 7.223 ; 7.223 ;       ;
; INPUT[31]  ; N           ; 5.859 ;       ;       ; 5.859 ;
; INPUT[31]  ; OUTPUT[30]  ; 5.586 ;       ;       ; 5.586 ;
; INPUT[31]  ; OUTPUT[31]  ; 5.961 ;       ;       ; 5.961 ;
; INPUT[31]  ; Z           ;       ; 6.948 ; 6.948 ;       ;
; MIR[22]    ; N           ;       ; 6.116 ; 6.116 ;       ;
; MIR[22]    ; OUTPUT[0]   ; 5.720 ; 5.720 ; 5.720 ; 5.720 ;
; MIR[22]    ; OUTPUT[1]   ; 5.806 ; 5.806 ; 5.806 ; 5.806 ;
; MIR[22]    ; OUTPUT[2]   ; 5.582 ; 5.582 ; 5.582 ; 5.582 ;
; MIR[22]    ; OUTPUT[3]   ; 5.798 ; 5.798 ; 5.798 ; 5.798 ;
; MIR[22]    ; OUTPUT[4]   ; 5.854 ; 5.854 ; 5.854 ; 5.854 ;
; MIR[22]    ; OUTPUT[5]   ; 5.848 ; 5.848 ; 5.848 ; 5.848 ;
; MIR[22]    ; OUTPUT[6]   ; 5.539 ; 5.539 ; 5.539 ; 5.539 ;
; MIR[22]    ; OUTPUT[7]   ; 5.682 ; 5.682 ; 5.682 ; 5.682 ;
; MIR[22]    ; OUTPUT[8]   ; 5.902 ; 5.902 ; 5.902 ; 5.902 ;
; MIR[22]    ; OUTPUT[9]   ; 6.085 ; 6.085 ; 6.085 ; 6.085 ;
; MIR[22]    ; OUTPUT[10]  ; 6.181 ; 6.181 ; 6.181 ; 6.181 ;
; MIR[22]    ; OUTPUT[11]  ; 6.146 ; 6.146 ; 6.146 ; 6.146 ;
; MIR[22]    ; OUTPUT[12]  ; 6.141 ; 6.141 ; 6.141 ; 6.141 ;
; MIR[22]    ; OUTPUT[13]  ; 6.057 ; 6.057 ; 6.057 ; 6.057 ;
; MIR[22]    ; OUTPUT[14]  ; 6.087 ; 6.087 ; 6.087 ; 6.087 ;
; MIR[22]    ; OUTPUT[15]  ; 5.807 ; 5.807 ; 5.807 ; 5.807 ;
; MIR[22]    ; OUTPUT[16]  ; 5.787 ; 5.787 ; 5.787 ; 5.787 ;
; MIR[22]    ; OUTPUT[17]  ; 5.902 ; 5.902 ; 5.902 ; 5.902 ;
; MIR[22]    ; OUTPUT[18]  ; 6.175 ; 6.175 ; 6.175 ; 6.175 ;
; MIR[22]    ; OUTPUT[19]  ; 6.304 ; 6.304 ; 6.304 ; 6.304 ;
; MIR[22]    ; OUTPUT[20]  ; 6.293 ; 6.293 ; 6.293 ; 6.293 ;
; MIR[22]    ; OUTPUT[21]  ; 6.618 ; 6.618 ; 6.618 ; 6.618 ;
; MIR[22]    ; OUTPUT[22]  ; 6.295 ; 6.295 ; 6.295 ; 6.295 ;
; MIR[22]    ; OUTPUT[23]  ; 6.642 ; 6.642 ; 6.642 ; 6.642 ;
; MIR[22]    ; OUTPUT[24]  ; 6.165 ; 6.165 ; 6.165 ; 6.165 ;
; MIR[22]    ; OUTPUT[25]  ; 6.386 ; 6.386 ; 6.386 ; 6.386 ;
; MIR[22]    ; OUTPUT[26]  ; 6.035 ; 6.035 ; 6.035 ; 6.035 ;
; MIR[22]    ; OUTPUT[27]  ; 6.051 ; 6.051 ; 6.051 ; 6.051 ;
; MIR[22]    ; OUTPUT[28]  ; 6.028 ; 6.028 ; 6.028 ; 6.028 ;
; MIR[22]    ; OUTPUT[29]  ; 6.025 ; 6.025 ; 6.025 ; 6.025 ;
; MIR[22]    ; OUTPUT[30]  ; 5.854 ; 6.247 ; 6.247 ; 5.854 ;
; MIR[22]    ; OUTPUT[31]  ;       ; 6.218 ; 6.218 ;       ;
; MIR[22]    ; Z           ; 7.734 ; 7.734 ; 7.734 ; 7.734 ;
; MIR[23]    ; N           ; 6.262 ; 6.262 ; 6.262 ; 6.262 ;
; MIR[23]    ; OUTPUT[0]   ;       ; 5.448 ; 5.448 ;       ;
; MIR[23]    ; OUTPUT[1]   ;       ; 5.534 ; 5.534 ;       ;
; MIR[23]    ; OUTPUT[2]   ;       ; 5.310 ; 5.310 ;       ;
; MIR[23]    ; OUTPUT[3]   ;       ; 5.599 ; 5.599 ;       ;
; MIR[23]    ; OUTPUT[4]   ;       ; 5.473 ; 5.473 ;       ;
; MIR[23]    ; OUTPUT[5]   ;       ; 5.461 ; 5.461 ;       ;
; MIR[23]    ; OUTPUT[6]   ;       ; 5.286 ; 5.286 ;       ;
; MIR[23]    ; OUTPUT[7]   ;       ; 6.116 ; 6.116 ;       ;
; MIR[23]    ; OUTPUT[8]   ; 6.120 ; 6.335 ; 6.335 ; 6.120 ;
; MIR[23]    ; OUTPUT[9]   ; 5.478 ; 6.516 ; 6.516 ; 5.478 ;
; MIR[23]    ; OUTPUT[10]  ; 5.409 ; 6.611 ; 6.611 ; 5.409 ;
; MIR[23]    ; OUTPUT[11]  ; 5.551 ; 6.583 ; 6.583 ; 5.551 ;
; MIR[23]    ; OUTPUT[12]  ; 5.516 ; 6.571 ; 6.571 ; 5.516 ;
; MIR[23]    ; OUTPUT[13]  ; 5.302 ; 6.489 ; 6.489 ; 5.302 ;
; MIR[23]    ; OUTPUT[14]  ; 5.200 ; 6.518 ; 6.518 ; 5.200 ;
; MIR[23]    ; OUTPUT[15]  ; 6.016 ; 6.237 ; 6.237 ; 6.016 ;
; MIR[23]    ; OUTPUT[16]  ; 5.835 ; 6.086 ; 6.086 ; 5.835 ;
; MIR[23]    ; OUTPUT[17]  ; 5.825 ; 6.202 ; 6.202 ; 5.825 ;
; MIR[23]    ; OUTPUT[18]  ; 5.896 ; 6.051 ; 6.051 ; 5.896 ;
; MIR[23]    ; OUTPUT[19]  ; 6.022 ; 6.343 ; 6.343 ; 6.022 ;
; MIR[23]    ; OUTPUT[20]  ; 6.025 ; 6.415 ; 6.415 ; 6.025 ;
; MIR[23]    ; OUTPUT[21]  ; 6.350 ; 6.761 ; 6.761 ; 6.350 ;
; MIR[23]    ; OUTPUT[22]  ; 6.115 ; 6.446 ; 6.446 ; 6.115 ;
; MIR[23]    ; OUTPUT[23]  ; 6.575 ; 6.862 ; 6.862 ; 6.575 ;
; MIR[23]    ; OUTPUT[24]  ; 6.260 ; 6.474 ; 6.474 ; 6.260 ;
; MIR[23]    ; OUTPUT[25]  ; 6.283 ; 6.483 ; 6.483 ; 6.283 ;
; MIR[23]    ; OUTPUT[26]  ; 6.035 ; 6.255 ; 6.255 ; 6.035 ;
; MIR[23]    ; OUTPUT[27]  ; 5.768 ; 5.948 ; 5.948 ; 5.768 ;
; MIR[23]    ; OUTPUT[28]  ; 5.887 ; 6.171 ; 6.171 ; 5.887 ;
; MIR[23]    ; OUTPUT[29]  ; 5.867 ; 6.162 ; 6.162 ; 5.867 ;
; MIR[23]    ; OUTPUT[30]  ; 6.373 ; 6.373 ; 6.373 ; 6.373 ;
; MIR[23]    ; OUTPUT[31]  ; 6.364 ; 6.364 ; 6.364 ; 6.364 ;
; MIR[23]    ; Z           ; 7.856 ; 7.735 ; 7.735 ; 7.856 ;
+------------+-------------+-------+-------+-------+-------+


+----------------------------------------------------------+
; Minimum Propagation Delay                                ;
+------------+-------------+-------+-------+-------+-------+
; Input Port ; Output Port ; RR    ; RF    ; FR    ; FF    ;
+------------+-------------+-------+-------+-------+-------+
; INPUT[0]   ; OUTPUT[0]   ; 5.396 ;       ;       ; 5.396 ;
; INPUT[0]   ; OUTPUT[8]   ; 5.694 ;       ;       ; 5.694 ;
; INPUT[0]   ; Z           ;       ; 5.883 ; 5.883 ;       ;
; INPUT[1]   ; OUTPUT[0]   ; 5.323 ;       ;       ; 5.323 ;
; INPUT[1]   ; OUTPUT[1]   ; 5.410 ;       ;       ; 5.410 ;
; INPUT[1]   ; OUTPUT[9]   ; 5.285 ;       ;       ; 5.285 ;
; INPUT[1]   ; Z           ;       ; 5.758 ; 5.758 ;       ;
; INPUT[2]   ; OUTPUT[1]   ; 5.388 ;       ;       ; 5.388 ;
; INPUT[2]   ; OUTPUT[2]   ; 5.164 ;       ;       ; 5.164 ;
; INPUT[2]   ; OUTPUT[10]  ; 5.261 ;       ;       ; 5.261 ;
; INPUT[2]   ; Z           ;       ; 5.736 ; 5.736 ;       ;
; INPUT[3]   ; OUTPUT[2]   ; 5.289 ;       ;       ; 5.289 ;
; INPUT[3]   ; OUTPUT[3]   ; 5.427 ;       ;       ; 5.427 ;
; INPUT[3]   ; OUTPUT[11]  ; 5.459 ;       ;       ; 5.459 ;
; INPUT[3]   ; Z           ;       ; 6.186 ; 6.186 ;       ;
; INPUT[4]   ; OUTPUT[3]   ; 5.504 ;       ;       ; 5.504 ;
; INPUT[4]   ; OUTPUT[4]   ; 5.321 ;       ;       ; 5.321 ;
; INPUT[4]   ; OUTPUT[12]  ; 5.422 ;       ;       ; 5.422 ;
; INPUT[4]   ; Z           ;       ; 6.158 ; 6.158 ;       ;
; INPUT[5]   ; OUTPUT[4]   ; 5.436 ;       ;       ; 5.436 ;
; INPUT[5]   ; OUTPUT[5]   ; 5.294 ;       ;       ; 5.294 ;
; INPUT[5]   ; OUTPUT[13]  ; 5.262 ;       ;       ; 5.262 ;
; INPUT[5]   ; Z           ;       ; 5.997 ; 5.997 ;       ;
; INPUT[6]   ; OUTPUT[5]   ; 5.444 ;       ;       ; 5.444 ;
; INPUT[6]   ; OUTPUT[6]   ; 5.453 ;       ;       ; 5.453 ;
; INPUT[6]   ; OUTPUT[14]  ; 5.497 ;       ;       ; 5.497 ;
; INPUT[6]   ; Z           ;       ; 6.147 ; 6.147 ;       ;
; INPUT[7]   ; OUTPUT[6]   ; 5.129 ;       ;       ; 5.129 ;
; INPUT[7]   ; OUTPUT[7]   ; 5.494 ;       ;       ; 5.494 ;
; INPUT[7]   ; OUTPUT[15]  ; 5.394 ;       ;       ; 5.394 ;
; INPUT[7]   ; Z           ;       ; 6.175 ; 6.175 ;       ;
; INPUT[8]   ; OUTPUT[7]   ; 5.559 ;       ;       ; 5.559 ;
; INPUT[8]   ; OUTPUT[8]   ; 5.782 ;       ;       ; 5.782 ;
; INPUT[8]   ; OUTPUT[16]  ; 5.578 ;       ;       ; 5.578 ;
; INPUT[8]   ; Z           ;       ; 6.795 ; 6.795 ;       ;
; INPUT[9]   ; OUTPUT[8]   ; 5.733 ;       ;       ; 5.733 ;
; INPUT[9]   ; OUTPUT[9]   ; 5.916 ;       ;       ; 5.916 ;
; INPUT[9]   ; OUTPUT[17]  ; 5.459 ;       ;       ; 5.459 ;
; INPUT[9]   ; Z           ;       ; 6.499 ; 6.499 ;       ;
; INPUT[10]  ; OUTPUT[9]   ; 5.965 ;       ;       ; 5.965 ;
; INPUT[10]  ; OUTPUT[10]  ; 6.055 ;       ;       ; 6.055 ;
; INPUT[10]  ; OUTPUT[18]  ; 5.426 ;       ;       ; 5.426 ;
; INPUT[10]  ; Z           ;       ; 6.548 ; 6.548 ;       ;
; INPUT[11]  ; OUTPUT[10]  ; 3.693 ;       ;       ; 3.693 ;
; INPUT[11]  ; OUTPUT[11]  ; 3.671 ;       ;       ; 3.671 ;
; INPUT[11]  ; OUTPUT[19]  ; 3.106 ;       ;       ; 3.106 ;
; INPUT[11]  ; Z           ;       ; 4.224 ; 4.224 ;       ;
; INPUT[12]  ; OUTPUT[11]  ; 3.606 ;       ;       ; 3.606 ;
; INPUT[12]  ; OUTPUT[12]  ; 3.673 ;       ;       ; 3.673 ;
; INPUT[12]  ; OUTPUT[20]  ; 3.047 ;       ;       ; 3.047 ;
; INPUT[12]  ; Z           ;       ; 4.454 ; 4.454 ;       ;
; INPUT[13]  ; OUTPUT[12]  ; 3.653 ;       ;       ; 3.653 ;
; INPUT[13]  ; OUTPUT[13]  ; 3.579 ;       ;       ; 3.579 ;
; INPUT[13]  ; OUTPUT[21]  ; 3.429 ;       ;       ; 3.429 ;
; INPUT[13]  ; Z           ;       ; 4.408 ; 4.408 ;       ;
; INPUT[14]  ; OUTPUT[13]  ; 3.565 ;       ;       ; 3.565 ;
; INPUT[14]  ; OUTPUT[14]  ; 3.591 ;       ;       ; 3.591 ;
; INPUT[14]  ; OUTPUT[22]  ; 3.196 ;       ;       ; 3.196 ;
; INPUT[14]  ; Z           ;       ; 4.463 ; 4.463 ;       ;
; INPUT[15]  ; OUTPUT[14]  ; 5.712 ;       ;       ; 5.712 ;
; INPUT[15]  ; OUTPUT[15]  ; 5.429 ;       ;       ; 5.429 ;
; INPUT[15]  ; OUTPUT[23]  ; 6.156 ;       ;       ; 6.156 ;
; INPUT[15]  ; Z           ;       ; 6.713 ; 6.713 ;       ;
; INPUT[16]  ; OUTPUT[15]  ; 5.758 ;       ;       ; 5.758 ;
; INPUT[16]  ; OUTPUT[16]  ; 5.537 ;       ;       ; 5.537 ;
; INPUT[16]  ; OUTPUT[24]  ; 5.776 ;       ;       ; 5.776 ;
; INPUT[16]  ; Z           ;       ; 6.713 ; 6.713 ;       ;
; INPUT[17]  ; OUTPUT[16]  ; 5.615 ;       ;       ; 5.615 ;
; INPUT[17]  ; OUTPUT[17]  ; 5.728 ;       ;       ; 5.728 ;
; INPUT[17]  ; OUTPUT[25]  ; 5.743 ;       ;       ; 5.743 ;
; INPUT[17]  ; Z           ;       ; 6.585 ; 6.585 ;       ;
; INPUT[18]  ; OUTPUT[17]  ; 5.715 ;       ;       ; 5.715 ;
; INPUT[18]  ; OUTPUT[18]  ; 5.827 ;       ;       ; 5.827 ;
; INPUT[18]  ; OUTPUT[26]  ; 5.553 ;       ;       ; 5.553 ;
; INPUT[18]  ; Z           ;       ; 6.581 ; 6.581 ;       ;
; INPUT[19]  ; OUTPUT[18]  ; 5.933 ;       ;       ; 5.933 ;
; INPUT[19]  ; OUTPUT[19]  ; 5.965 ;       ;       ; 5.965 ;
; INPUT[19]  ; OUTPUT[27]  ; 5.393 ;       ;       ; 5.393 ;
; INPUT[19]  ; Z           ;       ; 6.958 ; 6.958 ;       ;
; INPUT[20]  ; OUTPUT[19]  ; 5.746 ;       ;       ; 5.746 ;
; INPUT[20]  ; OUTPUT[20]  ; 5.948 ;       ;       ; 5.948 ;
; INPUT[20]  ; OUTPUT[28]  ; 5.291 ;       ;       ; 5.291 ;
; INPUT[20]  ; Z           ;       ; 6.678 ; 6.678 ;       ;
; INPUT[21]  ; OUTPUT[20]  ; 6.042 ;       ;       ; 6.042 ;
; INPUT[21]  ; OUTPUT[21]  ; 6.374 ;       ;       ; 6.374 ;
; INPUT[21]  ; OUTPUT[29]  ; 5.494 ;       ;       ; 5.494 ;
; INPUT[21]  ; Z           ;       ; 6.834 ; 6.834 ;       ;
; INPUT[22]  ; OUTPUT[21]  ; 6.358 ;       ;       ; 6.358 ;
; INPUT[22]  ; OUTPUT[22]  ; 6.042 ;       ;       ; 6.042 ;
; INPUT[22]  ; OUTPUT[30]  ; 5.905 ;       ;       ; 5.905 ;
; INPUT[22]  ; Z           ;       ; 7.267 ; 7.267 ;       ;
; INPUT[23]  ; N           ; 5.849 ;       ;       ; 5.849 ;
; INPUT[23]  ; OUTPUT[22]  ; 6.032 ;       ;       ; 6.032 ;
; INPUT[23]  ; OUTPUT[23]  ; 6.490 ;       ;       ; 6.490 ;
; INPUT[23]  ; OUTPUT[31]  ; 5.951 ;       ;       ; 5.951 ;
; INPUT[23]  ; Z           ;       ; 6.526 ; 6.526 ;       ;
; INPUT[24]  ; OUTPUT[23]  ; 6.850 ;       ;       ; 6.850 ;
; INPUT[24]  ; OUTPUT[24]  ; 6.382 ;       ;       ; 6.382 ;
; INPUT[24]  ; Z           ;       ; 7.319 ; 7.319 ;       ;
; INPUT[25]  ; OUTPUT[24]  ; 6.093 ;       ;       ; 6.093 ;
; INPUT[25]  ; OUTPUT[25]  ; 6.263 ;       ;       ; 6.263 ;
; INPUT[25]  ; Z           ;       ; 7.030 ; 7.030 ;       ;
; INPUT[26]  ; OUTPUT[25]  ; 5.981 ;       ;       ; 5.981 ;
; INPUT[26]  ; OUTPUT[26]  ; 5.867 ;       ;       ; 5.867 ;
; INPUT[26]  ; Z           ;       ; 6.823 ; 6.823 ;       ;
; INPUT[27]  ; OUTPUT[26]  ; 5.893 ;       ;       ; 5.893 ;
; INPUT[27]  ; OUTPUT[27]  ; 5.767 ;       ;       ; 5.767 ;
; INPUT[27]  ; Z           ;       ; 6.921 ; 6.921 ;       ;
; INPUT[28]  ; OUTPUT[27]  ; 5.695 ;       ;       ; 5.695 ;
; INPUT[28]  ; OUTPUT[28]  ; 5.790 ;       ;       ; 5.790 ;
; INPUT[28]  ; Z           ;       ; 7.177 ; 7.177 ;       ;
; INPUT[29]  ; OUTPUT[28]  ; 5.743 ;       ;       ; 5.743 ;
; INPUT[29]  ; OUTPUT[29]  ; 5.737 ;       ;       ; 5.737 ;
; INPUT[29]  ; Z           ;       ; 7.077 ; 7.077 ;       ;
; INPUT[30]  ; OUTPUT[29]  ; 5.574 ;       ;       ; 5.574 ;
; INPUT[30]  ; OUTPUT[30]  ; 5.861 ;       ;       ; 5.861 ;
; INPUT[30]  ; Z           ;       ; 6.914 ; 6.914 ;       ;
; INPUT[31]  ; N           ; 5.859 ;       ;       ; 5.859 ;
; INPUT[31]  ; OUTPUT[30]  ; 5.586 ;       ;       ; 5.586 ;
; INPUT[31]  ; OUTPUT[31]  ; 5.961 ;       ;       ; 5.961 ;
; INPUT[31]  ; Z           ;       ; 6.536 ; 6.536 ;       ;
; MIR[22]    ; N           ;       ; 6.116 ; 6.116 ;       ;
; MIR[22]    ; OUTPUT[0]   ; 5.720 ; 5.720 ; 5.720 ; 5.720 ;
; MIR[22]    ; OUTPUT[1]   ; 5.806 ; 5.806 ; 5.806 ; 5.806 ;
; MIR[22]    ; OUTPUT[2]   ; 5.582 ; 5.582 ; 5.582 ; 5.582 ;
; MIR[22]    ; OUTPUT[3]   ; 5.798 ; 5.798 ; 5.798 ; 5.798 ;
; MIR[22]    ; OUTPUT[4]   ; 5.854 ; 5.854 ; 5.854 ; 5.854 ;
; MIR[22]    ; OUTPUT[5]   ; 5.848 ; 5.848 ; 5.848 ; 5.848 ;
; MIR[22]    ; OUTPUT[6]   ; 5.539 ; 5.539 ; 5.539 ; 5.539 ;
; MIR[22]    ; OUTPUT[7]   ; 5.682 ; 5.682 ; 5.682 ; 5.682 ;
; MIR[22]    ; OUTPUT[8]   ; 5.902 ; 5.691 ; 5.691 ; 5.902 ;
; MIR[22]    ; OUTPUT[9]   ; 6.085 ; 5.681 ; 5.681 ; 6.085 ;
; MIR[22]    ; OUTPUT[10]  ; 6.181 ; 5.666 ; 5.666 ; 6.181 ;
; MIR[22]    ; OUTPUT[11]  ; 6.146 ; 5.750 ; 5.750 ; 6.146 ;
; MIR[22]    ; OUTPUT[12]  ; 6.141 ; 5.701 ; 5.701 ; 6.141 ;
; MIR[22]    ; OUTPUT[13]  ; 6.057 ; 5.561 ; 5.561 ; 6.057 ;
; MIR[22]    ; OUTPUT[14]  ; 6.087 ; 5.580 ; 5.580 ; 6.087 ;
; MIR[22]    ; OUTPUT[15]  ; 5.807 ; 5.583 ; 5.583 ; 5.807 ;
; MIR[22]    ; OUTPUT[16]  ; 5.787 ; 5.729 ; 5.729 ; 5.787 ;
; MIR[22]    ; OUTPUT[17]  ; 5.902 ; 5.598 ; 5.598 ; 5.902 ;
; MIR[22]    ; OUTPUT[18]  ; 6.175 ; 5.774 ; 5.774 ; 6.175 ;
; MIR[22]    ; OUTPUT[19]  ; 6.304 ; 5.593 ; 5.593 ; 6.304 ;
; MIR[22]    ; OUTPUT[20]  ; 6.293 ; 5.586 ; 5.586 ; 6.293 ;
; MIR[22]    ; OUTPUT[21]  ; 6.618 ; 5.917 ; 5.917 ; 6.618 ;
; MIR[22]    ; OUTPUT[22]  ; 6.295 ; 5.678 ; 5.678 ; 6.295 ;
; MIR[22]    ; OUTPUT[23]  ; 6.642 ; 6.355 ; 6.355 ; 6.642 ;
; MIR[22]    ; OUTPUT[24]  ; 6.165 ; 5.959 ; 5.959 ; 6.165 ;
; MIR[22]    ; OUTPUT[25]  ; 6.386 ; 5.983 ; 5.983 ; 6.386 ;
; MIR[22]    ; OUTPUT[26]  ; 6.035 ; 5.736 ; 5.736 ; 6.035 ;
; MIR[22]    ; OUTPUT[27]  ; 6.051 ; 5.758 ; 5.758 ; 6.051 ;
; MIR[22]    ; OUTPUT[28]  ; 6.028 ; 5.736 ; 5.736 ; 6.028 ;
; MIR[22]    ; OUTPUT[29]  ; 6.025 ; 5.744 ; 5.744 ; 6.025 ;
; MIR[22]    ; OUTPUT[30]  ; 5.854 ; 6.247 ; 6.247 ; 5.854 ;
; MIR[22]    ; OUTPUT[31]  ;       ; 6.218 ; 6.218 ;       ;
; MIR[22]    ; Z           ; 6.154 ; 6.154 ; 6.154 ; 6.154 ;
; MIR[23]    ; N           ; 6.262 ; 6.262 ; 6.262 ; 6.262 ;
; MIR[23]    ; OUTPUT[0]   ;       ; 5.448 ; 5.448 ;       ;
; MIR[23]    ; OUTPUT[1]   ;       ; 5.534 ; 5.534 ;       ;
; MIR[23]    ; OUTPUT[2]   ;       ; 5.310 ; 5.310 ;       ;
; MIR[23]    ; OUTPUT[3]   ;       ; 5.599 ; 5.599 ;       ;
; MIR[23]    ; OUTPUT[4]   ;       ; 5.473 ; 5.473 ;       ;
; MIR[23]    ; OUTPUT[5]   ;       ; 5.461 ; 5.461 ;       ;
; MIR[23]    ; OUTPUT[6]   ;       ; 5.286 ; 5.286 ;       ;
; MIR[23]    ; OUTPUT[7]   ;       ; 6.116 ; 6.116 ;       ;
; MIR[23]    ; OUTPUT[8]   ; 6.120 ; 6.335 ; 6.335 ; 6.120 ;
; MIR[23]    ; OUTPUT[9]   ; 5.478 ; 6.516 ; 6.516 ; 5.478 ;
; MIR[23]    ; OUTPUT[10]  ; 5.409 ; 6.611 ; 6.611 ; 5.409 ;
; MIR[23]    ; OUTPUT[11]  ; 5.551 ; 6.583 ; 6.583 ; 5.551 ;
; MIR[23]    ; OUTPUT[12]  ; 5.516 ; 6.571 ; 6.571 ; 5.516 ;
; MIR[23]    ; OUTPUT[13]  ; 5.302 ; 6.489 ; 6.489 ; 5.302 ;
; MIR[23]    ; OUTPUT[14]  ; 5.200 ; 6.518 ; 6.518 ; 5.200 ;
; MIR[23]    ; OUTPUT[15]  ; 6.016 ; 6.237 ; 6.237 ; 6.016 ;
; MIR[23]    ; OUTPUT[16]  ; 5.835 ; 6.086 ; 6.086 ; 5.835 ;
; MIR[23]    ; OUTPUT[17]  ; 5.825 ; 6.202 ; 6.202 ; 5.825 ;
; MIR[23]    ; OUTPUT[18]  ; 5.896 ; 6.051 ; 6.051 ; 5.896 ;
; MIR[23]    ; OUTPUT[19]  ; 6.022 ; 6.343 ; 6.343 ; 6.022 ;
; MIR[23]    ; OUTPUT[20]  ; 6.025 ; 6.415 ; 6.415 ; 6.025 ;
; MIR[23]    ; OUTPUT[21]  ; 6.350 ; 6.761 ; 6.761 ; 6.350 ;
; MIR[23]    ; OUTPUT[22]  ; 6.115 ; 6.446 ; 6.446 ; 6.115 ;
; MIR[23]    ; OUTPUT[23]  ; 6.575 ; 6.862 ; 6.862 ; 6.575 ;
; MIR[23]    ; OUTPUT[24]  ; 6.260 ; 6.474 ; 6.474 ; 6.260 ;
; MIR[23]    ; OUTPUT[25]  ; 6.283 ; 6.483 ; 6.483 ; 6.283 ;
; MIR[23]    ; OUTPUT[26]  ; 6.035 ; 6.255 ; 6.255 ; 6.035 ;
; MIR[23]    ; OUTPUT[27]  ; 5.768 ; 5.948 ; 5.948 ; 5.768 ;
; MIR[23]    ; OUTPUT[28]  ; 5.887 ; 6.171 ; 6.171 ; 5.887 ;
; MIR[23]    ; OUTPUT[29]  ; 5.867 ; 6.162 ; 6.162 ; 5.867 ;
; MIR[23]    ; OUTPUT[30]  ; 6.373 ; 5.985 ; 5.985 ; 6.373 ;
; MIR[23]    ; OUTPUT[31]  ; 6.364 ; 6.364 ; 6.364 ; 6.364 ;
; MIR[23]    ; Z           ; 5.882 ; 5.940 ; 5.940 ; 5.882 ;
+------------+-------------+-------+-------+-------+-------+


+----------------------------------------------------------------------------+
; Multicorner Timing Analysis Summary                                        ;
+------------------+-------+------+----------+---------+---------------------+
; Clock            ; Setup ; Hold ; Recovery ; Removal ; Minimum Pulse Width ;
+------------------+-------+------+----------+---------+---------------------+
; Worst-case Slack ; N/A   ; N/A  ; N/A      ; N/A     ; N/A                 ;
; Design-wide TNS  ; 0.0   ; 0.0  ; 0.0      ; 0.0     ; 0.0                 ;
+------------------+-------+------+----------+---------+---------------------+


+--------------------------------------------------------------+
; Progagation Delay                                            ;
+------------+-------------+--------+--------+--------+--------+
; Input Port ; Output Port ; RR     ; RF     ; FR     ; FF     ;
+------------+-------------+--------+--------+--------+--------+
; INPUT[0]   ; OUTPUT[0]   ; 9.845  ;        ;        ; 9.845  ;
; INPUT[0]   ; OUTPUT[8]   ; 10.403 ;        ;        ; 10.403 ;
; INPUT[0]   ; Z           ;        ; 13.185 ; 13.185 ;        ;
; INPUT[1]   ; OUTPUT[0]   ; 9.678  ;        ;        ; 9.678  ;
; INPUT[1]   ; OUTPUT[1]   ; 9.746  ;        ;        ; 9.746  ;
; INPUT[1]   ; OUTPUT[9]   ; 9.496  ;        ;        ; 9.496  ;
; INPUT[1]   ; Z           ;        ; 10.947 ; 10.947 ;        ;
; INPUT[2]   ; OUTPUT[1]   ; 9.696  ;        ;        ; 9.696  ;
; INPUT[2]   ; OUTPUT[2]   ; 9.328  ;        ;        ; 9.328  ;
; INPUT[2]   ; OUTPUT[10]  ; 9.569  ;        ;        ; 9.569  ;
; INPUT[2]   ; Z           ;        ; 11.958 ; 11.958 ;        ;
; INPUT[3]   ; OUTPUT[2]   ; 9.550  ;        ;        ; 9.550  ;
; INPUT[3]   ; OUTPUT[3]   ; 9.736  ;        ;        ; 9.736  ;
; INPUT[3]   ; OUTPUT[11]  ; 9.899  ;        ;        ; 9.899  ;
; INPUT[3]   ; Z           ;        ; 12.180 ; 12.180 ;        ;
; INPUT[4]   ; OUTPUT[3]   ; 9.915  ;        ;        ; 9.915  ;
; INPUT[4]   ; OUTPUT[4]   ; 9.584  ;        ;        ; 9.584  ;
; INPUT[4]   ; OUTPUT[12]  ; 9.855  ;        ;        ; 9.855  ;
; INPUT[4]   ; Z           ;        ; 11.705 ; 11.705 ;        ;
; INPUT[5]   ; OUTPUT[4]   ; 9.877  ;        ;        ; 9.877  ;
; INPUT[5]   ; OUTPUT[5]   ; 9.560  ;        ;        ; 9.560  ;
; INPUT[5]   ; OUTPUT[13]  ; 9.540  ;        ;        ; 9.540  ;
; INPUT[5]   ; Z           ;        ; 11.797 ; 11.797 ;        ;
; INPUT[6]   ; OUTPUT[5]   ; 9.935  ;        ;        ; 9.935  ;
; INPUT[6]   ; OUTPUT[6]   ; 9.890  ;        ;        ; 9.890  ;
; INPUT[6]   ; OUTPUT[14]  ; 9.929  ;        ;        ; 9.929  ;
; INPUT[6]   ; Z           ;        ; 12.551 ; 12.551 ;        ;
; INPUT[7]   ; OUTPUT[6]   ; 9.149  ;        ;        ; 9.149  ;
; INPUT[7]   ; OUTPUT[7]   ; 9.950  ;        ;        ; 9.950  ;
; INPUT[7]   ; OUTPUT[15]  ; 9.728  ;        ;        ; 9.728  ;
; INPUT[7]   ; Z           ;        ; 13.066 ; 13.066 ;        ;
; INPUT[8]   ; OUTPUT[7]   ; 9.963  ;        ;        ; 9.963  ;
; INPUT[8]   ; OUTPUT[8]   ; 10.469 ;        ;        ; 10.469 ;
; INPUT[8]   ; OUTPUT[16]  ; 9.989  ;        ;        ; 9.989  ;
; INPUT[8]   ; Z           ;        ; 13.378 ; 13.378 ;        ;
; INPUT[9]   ; OUTPUT[8]   ; 10.466 ;        ;        ; 10.466 ;
; INPUT[9]   ; OUTPUT[9]   ; 10.887 ;        ;        ; 10.887 ;
; INPUT[9]   ; OUTPUT[17]  ; 9.751  ;        ;        ; 9.751  ;
; INPUT[9]   ; Z           ;        ; 13.248 ; 13.248 ;        ;
; INPUT[10]  ; OUTPUT[9]   ; 10.988 ;        ;        ; 10.988 ;
; INPUT[10]  ; OUTPUT[10]  ; 11.332 ;        ;        ; 11.332 ;
; INPUT[10]  ; OUTPUT[18]  ; 9.916  ;        ;        ; 9.916  ;
; INPUT[10]  ; Z           ;        ; 13.023 ; 13.023 ;        ;
; INPUT[11]  ; OUTPUT[10]  ; 7.434  ;        ;        ; 7.434  ;
; INPUT[11]  ; OUTPUT[11]  ; 7.319  ;        ;        ; 7.319  ;
; INPUT[11]  ; OUTPUT[19]  ; 5.956  ;        ;        ; 5.956  ;
; INPUT[11]  ; Z           ;        ; 9.339  ; 9.339  ;        ;
; INPUT[12]  ; OUTPUT[11]  ; 7.160  ;        ;        ; 7.160  ;
; INPUT[12]  ; OUTPUT[12]  ; 7.317  ;        ;        ; 7.317  ;
; INPUT[12]  ; OUTPUT[20]  ; 5.801  ;        ;        ; 5.801  ;
; INPUT[12]  ; Z           ;        ; 9.180  ; 9.180  ;        ;
; INPUT[13]  ; OUTPUT[12]  ; 7.315  ;        ;        ; 7.315  ;
; INPUT[13]  ; OUTPUT[13]  ; 7.189  ;        ;        ; 7.189  ;
; INPUT[13]  ; OUTPUT[21]  ; 6.648  ;        ;        ; 6.648  ;
; INPUT[13]  ; Z           ;        ; 9.429  ; 9.429  ;        ;
; INPUT[14]  ; OUTPUT[13]  ; 7.128  ;        ;        ; 7.128  ;
; INPUT[14]  ; OUTPUT[14]  ; 7.051  ;        ;        ; 7.051  ;
; INPUT[14]  ; OUTPUT[22]  ; 6.127  ;        ;        ; 6.127  ;
; INPUT[14]  ; Z           ;        ; 9.673  ; 9.673  ;        ;
; INPUT[15]  ; OUTPUT[14]  ; 10.460 ;        ;        ; 10.460 ;
; INPUT[15]  ; OUTPUT[15]  ; 9.816  ;        ;        ; 9.816  ;
; INPUT[15]  ; OUTPUT[23]  ; 11.242 ;        ;        ; 11.242 ;
; INPUT[15]  ; Z           ;        ; 13.154 ; 13.154 ;        ;
; INPUT[16]  ; OUTPUT[15]  ; 10.431 ;        ;        ; 10.431 ;
; INPUT[16]  ; OUTPUT[16]  ; 9.958  ;        ;        ; 9.958  ;
; INPUT[16]  ; OUTPUT[24]  ; 10.407 ;        ;        ; 10.407 ;
; INPUT[16]  ; Z           ;        ; 13.769 ; 13.769 ;        ;
; INPUT[17]  ; OUTPUT[16]  ; 10.118 ;        ;        ; 10.118 ;
; INPUT[17]  ; OUTPUT[17]  ; 10.385 ;        ;        ; 10.385 ;
; INPUT[17]  ; OUTPUT[25]  ; 10.344 ;        ;        ; 10.344 ;
; INPUT[17]  ; Z           ;        ; 13.507 ; 13.507 ;        ;
; INPUT[18]  ; OUTPUT[17]  ; 10.359 ;        ;        ; 10.359 ;
; INPUT[18]  ; OUTPUT[18]  ; 10.686 ;        ;        ; 10.686 ;
; INPUT[18]  ; OUTPUT[26]  ; 9.940  ;        ;        ; 9.940  ;
; INPUT[18]  ; Z           ;        ; 13.793 ; 13.793 ;        ;
; INPUT[19]  ; OUTPUT[18]  ; 11.042 ;        ;        ; 11.042 ;
; INPUT[19]  ; OUTPUT[19]  ; 10.929 ;        ;        ; 10.929 ;
; INPUT[19]  ; OUTPUT[27]  ; 9.698  ;        ;        ; 9.698  ;
; INPUT[19]  ; Z           ;        ; 14.206 ; 14.206 ;        ;
; INPUT[20]  ; OUTPUT[19]  ; 10.479 ;        ;        ; 10.479 ;
; INPUT[20]  ; OUTPUT[20]  ; 10.939 ;        ;        ; 10.939 ;
; INPUT[20]  ; OUTPUT[28]  ; 9.490  ;        ;        ; 9.490  ;
; INPUT[20]  ; Z           ;        ; 14.263 ; 14.263 ;        ;
; INPUT[21]  ; OUTPUT[20]  ; 11.172 ;        ;        ; 11.172 ;
; INPUT[21]  ; OUTPUT[21]  ; 11.838 ;        ;        ; 11.838 ;
; INPUT[21]  ; OUTPUT[29]  ; 9.967  ;        ;        ; 9.967  ;
; INPUT[21]  ; Z           ;        ; 14.496 ; 14.496 ;        ;
; INPUT[22]  ; OUTPUT[21]  ; 11.781 ;        ;        ; 11.781 ;
; INPUT[22]  ; OUTPUT[22]  ; 11.130 ;        ;        ; 11.130 ;
; INPUT[22]  ; OUTPUT[30]  ; 10.924 ;        ;        ; 10.924 ;
; INPUT[22]  ; Z           ;        ; 14.156 ; 14.156 ;        ;
; INPUT[23]  ; N           ; 10.573 ;        ;        ; 10.573 ;
; INPUT[23]  ; OUTPUT[22]  ; 11.038 ;        ;        ; 11.038 ;
; INPUT[23]  ; OUTPUT[23]  ; 11.936 ;        ;        ; 11.936 ;
; INPUT[23]  ; OUTPUT[31]  ; 10.786 ;        ;        ; 10.786 ;
; INPUT[23]  ; Z           ;        ; 14.024 ; 14.024 ;        ;
; INPUT[24]  ; OUTPUT[23]  ; 12.534 ;        ;        ; 12.534 ;
; INPUT[24]  ; OUTPUT[24]  ; 11.603 ;        ;        ; 11.603 ;
; INPUT[24]  ; Z           ;        ; 14.037 ; 14.037 ;        ;
; INPUT[25]  ; OUTPUT[24]  ; 11.067 ;        ;        ; 11.067 ;
; INPUT[25]  ; OUTPUT[25]  ; 11.469 ;        ;        ; 11.469 ;
; INPUT[25]  ; Z           ;        ; 13.532 ; 13.532 ;        ;
; INPUT[26]  ; OUTPUT[25]  ; 10.875 ;        ;        ; 10.875 ;
; INPUT[26]  ; OUTPUT[26]  ; 10.665 ;        ;        ; 10.665 ;
; INPUT[26]  ; Z           ;        ; 13.107 ; 13.107 ;        ;
; INPUT[27]  ; OUTPUT[26]  ; 10.718 ;        ;        ; 10.718 ;
; INPUT[27]  ; OUTPUT[27]  ; 10.475 ;        ;        ; 10.475 ;
; INPUT[27]  ; Z           ;        ; 14.020 ; 14.020 ;        ;
; INPUT[28]  ; OUTPUT[27]  ; 10.442 ;        ;        ; 10.442 ;
; INPUT[28]  ; OUTPUT[28]  ; 10.651 ;        ;        ; 10.651 ;
; INPUT[28]  ; Z           ;        ; 13.987 ; 13.987 ;        ;
; INPUT[29]  ; OUTPUT[28]  ; 10.558 ;        ;        ; 10.558 ;
; INPUT[29]  ; OUTPUT[29]  ; 10.555 ;        ;        ; 10.555 ;
; INPUT[29]  ; Z           ;        ; 13.782 ; 13.782 ;        ;
; INPUT[30]  ; OUTPUT[29]  ; 10.187 ;        ;        ; 10.187 ;
; INPUT[30]  ; OUTPUT[30]  ; 10.821 ;        ;        ; 10.821 ;
; INPUT[30]  ; Z           ;        ; 13.918 ; 13.918 ;        ;
; INPUT[31]  ; N           ; 10.667 ;        ;        ; 10.667 ;
; INPUT[31]  ; OUTPUT[30]  ; 10.170 ;        ;        ; 10.170 ;
; INPUT[31]  ; OUTPUT[31]  ; 10.880 ;        ;        ; 10.880 ;
; INPUT[31]  ; Z           ;        ; 13.267 ; 13.267 ;        ;
; MIR[22]    ; N           ;        ; 11.061 ; 11.061 ;        ;
; MIR[22]    ; OUTPUT[0]   ; 10.416 ; 10.416 ; 10.416 ; 10.416 ;
; MIR[22]    ; OUTPUT[1]   ; 10.483 ; 10.483 ; 10.483 ; 10.483 ;
; MIR[22]    ; OUTPUT[2]   ; 10.115 ; 10.115 ; 10.115 ; 10.115 ;
; MIR[22]    ; OUTPUT[3]   ; 10.473 ; 10.473 ; 10.473 ; 10.473 ;
; MIR[22]    ; OUTPUT[4]   ; 10.716 ; 10.716 ; 10.716 ; 10.716 ;
; MIR[22]    ; OUTPUT[5]   ; 10.708 ; 10.708 ; 10.708 ; 10.708 ;
; MIR[22]    ; OUTPUT[6]   ; 9.998  ; 9.998  ; 9.998  ; 9.998  ;
; MIR[22]    ; OUTPUT[7]   ; 10.232 ; 10.232 ; 10.232 ; 10.232 ;
; MIR[22]    ; OUTPUT[8]   ; 10.732 ; 10.732 ; 10.732 ; 10.732 ;
; MIR[22]    ; OUTPUT[9]   ; 11.151 ; 11.151 ; 11.151 ; 11.151 ;
; MIR[22]    ; OUTPUT[10]  ; 11.505 ; 11.505 ; 11.505 ; 11.505 ;
; MIR[22]    ; OUTPUT[11]  ; 11.370 ; 11.370 ; 11.370 ; 11.370 ;
; MIR[22]    ; OUTPUT[12]  ; 11.368 ; 11.368 ; 11.368 ; 11.368 ;
; MIR[22]    ; OUTPUT[13]  ; 11.230 ; 11.230 ; 11.230 ; 11.230 ;
; MIR[22]    ; OUTPUT[14]  ; 11.157 ; 11.157 ; 11.157 ; 11.157 ;
; MIR[22]    ; OUTPUT[15]  ; 10.514 ; 10.514 ; 10.514 ; 10.514 ;
; MIR[22]    ; OUTPUT[16]  ; 10.462 ; 10.462 ; 10.462 ; 10.462 ;
; MIR[22]    ; OUTPUT[17]  ; 10.731 ; 10.731 ; 10.731 ; 10.731 ;
; MIR[22]    ; OUTPUT[18]  ; 11.402 ; 11.402 ; 11.402 ; 11.402 ;
; MIR[22]    ; OUTPUT[19]  ; 11.553 ; 11.553 ; 11.553 ; 11.553 ;
; MIR[22]    ; OUTPUT[20]  ; 11.520 ; 11.520 ; 11.520 ; 11.520 ;
; MIR[22]    ; OUTPUT[21]  ; 12.180 ; 12.180 ; 12.180 ; 12.180 ;
; MIR[22]    ; OUTPUT[22]  ; 11.518 ; 11.518 ; 11.518 ; 11.518 ;
; MIR[22]    ; OUTPUT[23]  ; 12.199 ; 12.199 ; 12.199 ; 12.199 ;
; MIR[22]    ; OUTPUT[24]  ; 11.256 ; 11.256 ; 11.256 ; 11.256 ;
; MIR[22]    ; OUTPUT[25]  ; 11.768 ; 11.768 ; 11.768 ; 11.768 ;
; MIR[22]    ; OUTPUT[26]  ; 10.992 ; 10.992 ; 10.992 ; 10.992 ;
; MIR[22]    ; OUTPUT[27]  ; 11.039 ; 11.039 ; 11.039 ; 11.039 ;
; MIR[22]    ; OUTPUT[28]  ; 10.979 ; 10.979 ; 10.979 ; 10.979 ;
; MIR[22]    ; OUTPUT[29]  ; 10.978 ; 10.978 ; 10.978 ; 10.978 ;
; MIR[22]    ; OUTPUT[30]  ; 10.573 ; 11.476 ; 11.476 ; 10.573 ;
; MIR[22]    ; OUTPUT[31]  ;        ; 11.274 ; 11.274 ;        ;
; MIR[22]    ; Z           ; 14.844 ; 14.844 ; 14.844 ; 14.844 ;
; MIR[23]    ; N           ; 11.416 ; 11.416 ; 11.416 ; 11.416 ;
; MIR[23]    ; OUTPUT[0]   ;        ; 9.886  ; 9.886  ;        ;
; MIR[23]    ; OUTPUT[1]   ;        ; 9.952  ; 9.952  ;        ;
; MIR[23]    ; OUTPUT[2]   ;        ; 9.585  ; 9.585  ;        ;
; MIR[23]    ; OUTPUT[3]   ;        ; 10.084 ; 10.084 ;        ;
; MIR[23]    ; OUTPUT[4]   ;        ; 9.923  ; 9.923  ;        ;
; MIR[23]    ; OUTPUT[5]   ;        ; 9.905  ; 9.905  ;        ;
; MIR[23]    ; OUTPUT[6]   ;        ; 9.501  ; 9.501  ;        ;
; MIR[23]    ; OUTPUT[7]   ;        ; 11.135 ; 11.135 ;        ;
; MIR[23]    ; OUTPUT[8]   ; 11.144 ; 11.639 ; 11.639 ; 11.144 ;
; MIR[23]    ; OUTPUT[9]   ; 9.843  ; 12.061 ; 12.061 ; 9.843  ;
; MIR[23]    ; OUTPUT[10]  ; 9.827  ; 12.407 ; 12.407 ; 9.827  ;
; MIR[23]    ; OUTPUT[11]  ; 10.070 ; 12.285 ; 12.285 ; 10.070 ;
; MIR[23]    ; OUTPUT[12]  ; 10.028 ; 12.271 ; 12.271 ; 10.028 ;
; MIR[23]    ; OUTPUT[13]  ; 9.585  ; 12.133 ; 12.133 ; 9.585  ;
; MIR[23]    ; OUTPUT[14]  ; 9.235  ; 12.060 ; 12.060 ; 9.235  ;
; MIR[23]    ; OUTPUT[15]  ; 10.913 ; 11.417 ; 11.417 ; 10.913 ;
; MIR[23]    ; OUTPUT[16]  ; 10.521 ; 11.103 ; 11.103 ; 10.521 ;
; MIR[23]    ; OUTPUT[17]  ; 10.515 ; 11.370 ; 11.370 ; 10.515 ;
; MIR[23]    ; OUTPUT[18]  ; 10.796 ; 11.152 ; 11.152 ; 10.796 ;
; MIR[23]    ; OUTPUT[19]  ; 10.927 ; 11.627 ; 11.627 ; 10.927 ;
; MIR[23]    ; OUTPUT[20]  ; 10.926 ; 11.849 ; 11.849 ; 10.926 ;
; MIR[23]    ; OUTPUT[21]  ; 11.603 ; 12.529 ; 12.529 ; 11.603 ;
; MIR[23]    ; OUTPUT[22]  ; 11.131 ; 11.877 ; 11.877 ; 11.131 ;
; MIR[23]    ; OUTPUT[23]  ; 11.994 ; 12.665 ; 12.665 ; 11.994 ;
; MIR[23]    ; OUTPUT[24]  ; 11.413 ; 11.903 ; 11.903 ; 11.413 ;
; MIR[23]    ; OUTPUT[25]  ; 11.470 ; 11.960 ; 11.960 ; 11.470 ;
; MIR[23]    ; OUTPUT[26]  ; 10.946 ; 11.458 ; 11.458 ; 10.946 ;
; MIR[23]    ; OUTPUT[27]  ; 10.423 ; 10.815 ; 10.815 ; 10.423 ;
; MIR[23]    ; OUTPUT[28]  ; 10.662 ; 11.328 ; 11.328 ; 10.662 ;
; MIR[23]    ; OUTPUT[29]  ; 10.645 ; 11.320 ; 11.320 ; 10.645 ;
; MIR[23]    ; OUTPUT[30]  ; 11.811 ; 11.811 ; 11.811 ; 11.811 ;
; MIR[23]    ; OUTPUT[31]  ; 11.629 ; 11.629 ; 11.629 ; 11.629 ;
; MIR[23]    ; Z           ; 15.173 ; 14.908 ; 14.908 ; 15.173 ;
+------------+-------------+--------+--------+--------+--------+


+----------------------------------------------------------+
; Minimum Progagation Delay                                ;
+------------+-------------+-------+-------+-------+-------+
; Input Port ; Output Port ; RR    ; RF    ; FR    ; FF    ;
+------------+-------------+-------+-------+-------+-------+
; INPUT[0]   ; OUTPUT[0]   ; 5.396 ;       ;       ; 5.396 ;
; INPUT[0]   ; OUTPUT[8]   ; 5.694 ;       ;       ; 5.694 ;
; INPUT[0]   ; Z           ;       ; 5.883 ; 5.883 ;       ;
; INPUT[1]   ; OUTPUT[0]   ; 5.323 ;       ;       ; 5.323 ;
; INPUT[1]   ; OUTPUT[1]   ; 5.410 ;       ;       ; 5.410 ;
; INPUT[1]   ; OUTPUT[9]   ; 5.285 ;       ;       ; 5.285 ;
; INPUT[1]   ; Z           ;       ; 5.758 ; 5.758 ;       ;
; INPUT[2]   ; OUTPUT[1]   ; 5.388 ;       ;       ; 5.388 ;
; INPUT[2]   ; OUTPUT[2]   ; 5.164 ;       ;       ; 5.164 ;
; INPUT[2]   ; OUTPUT[10]  ; 5.261 ;       ;       ; 5.261 ;
; INPUT[2]   ; Z           ;       ; 5.736 ; 5.736 ;       ;
; INPUT[3]   ; OUTPUT[2]   ; 5.289 ;       ;       ; 5.289 ;
; INPUT[3]   ; OUTPUT[3]   ; 5.427 ;       ;       ; 5.427 ;
; INPUT[3]   ; OUTPUT[11]  ; 5.459 ;       ;       ; 5.459 ;
; INPUT[3]   ; Z           ;       ; 6.186 ; 6.186 ;       ;
; INPUT[4]   ; OUTPUT[3]   ; 5.504 ;       ;       ; 5.504 ;
; INPUT[4]   ; OUTPUT[4]   ; 5.321 ;       ;       ; 5.321 ;
; INPUT[4]   ; OUTPUT[12]  ; 5.422 ;       ;       ; 5.422 ;
; INPUT[4]   ; Z           ;       ; 6.158 ; 6.158 ;       ;
; INPUT[5]   ; OUTPUT[4]   ; 5.436 ;       ;       ; 5.436 ;
; INPUT[5]   ; OUTPUT[5]   ; 5.294 ;       ;       ; 5.294 ;
; INPUT[5]   ; OUTPUT[13]  ; 5.262 ;       ;       ; 5.262 ;
; INPUT[5]   ; Z           ;       ; 5.997 ; 5.997 ;       ;
; INPUT[6]   ; OUTPUT[5]   ; 5.444 ;       ;       ; 5.444 ;
; INPUT[6]   ; OUTPUT[6]   ; 5.453 ;       ;       ; 5.453 ;
; INPUT[6]   ; OUTPUT[14]  ; 5.497 ;       ;       ; 5.497 ;
; INPUT[6]   ; Z           ;       ; 6.147 ; 6.147 ;       ;
; INPUT[7]   ; OUTPUT[6]   ; 5.129 ;       ;       ; 5.129 ;
; INPUT[7]   ; OUTPUT[7]   ; 5.494 ;       ;       ; 5.494 ;
; INPUT[7]   ; OUTPUT[15]  ; 5.394 ;       ;       ; 5.394 ;
; INPUT[7]   ; Z           ;       ; 6.175 ; 6.175 ;       ;
; INPUT[8]   ; OUTPUT[7]   ; 5.559 ;       ;       ; 5.559 ;
; INPUT[8]   ; OUTPUT[8]   ; 5.782 ;       ;       ; 5.782 ;
; INPUT[8]   ; OUTPUT[16]  ; 5.578 ;       ;       ; 5.578 ;
; INPUT[8]   ; Z           ;       ; 6.795 ; 6.795 ;       ;
; INPUT[9]   ; OUTPUT[8]   ; 5.733 ;       ;       ; 5.733 ;
; INPUT[9]   ; OUTPUT[9]   ; 5.916 ;       ;       ; 5.916 ;
; INPUT[9]   ; OUTPUT[17]  ; 5.459 ;       ;       ; 5.459 ;
; INPUT[9]   ; Z           ;       ; 6.499 ; 6.499 ;       ;
; INPUT[10]  ; OUTPUT[9]   ; 5.965 ;       ;       ; 5.965 ;
; INPUT[10]  ; OUTPUT[10]  ; 6.055 ;       ;       ; 6.055 ;
; INPUT[10]  ; OUTPUT[18]  ; 5.426 ;       ;       ; 5.426 ;
; INPUT[10]  ; Z           ;       ; 6.548 ; 6.548 ;       ;
; INPUT[11]  ; OUTPUT[10]  ; 3.693 ;       ;       ; 3.693 ;
; INPUT[11]  ; OUTPUT[11]  ; 3.671 ;       ;       ; 3.671 ;
; INPUT[11]  ; OUTPUT[19]  ; 3.106 ;       ;       ; 3.106 ;
; INPUT[11]  ; Z           ;       ; 4.224 ; 4.224 ;       ;
; INPUT[12]  ; OUTPUT[11]  ; 3.606 ;       ;       ; 3.606 ;
; INPUT[12]  ; OUTPUT[12]  ; 3.673 ;       ;       ; 3.673 ;
; INPUT[12]  ; OUTPUT[20]  ; 3.047 ;       ;       ; 3.047 ;
; INPUT[12]  ; Z           ;       ; 4.454 ; 4.454 ;       ;
; INPUT[13]  ; OUTPUT[12]  ; 3.653 ;       ;       ; 3.653 ;
; INPUT[13]  ; OUTPUT[13]  ; 3.579 ;       ;       ; 3.579 ;
; INPUT[13]  ; OUTPUT[21]  ; 3.429 ;       ;       ; 3.429 ;
; INPUT[13]  ; Z           ;       ; 4.408 ; 4.408 ;       ;
; INPUT[14]  ; OUTPUT[13]  ; 3.565 ;       ;       ; 3.565 ;
; INPUT[14]  ; OUTPUT[14]  ; 3.591 ;       ;       ; 3.591 ;
; INPUT[14]  ; OUTPUT[22]  ; 3.196 ;       ;       ; 3.196 ;
; INPUT[14]  ; Z           ;       ; 4.463 ; 4.463 ;       ;
; INPUT[15]  ; OUTPUT[14]  ; 5.712 ;       ;       ; 5.712 ;
; INPUT[15]  ; OUTPUT[15]  ; 5.429 ;       ;       ; 5.429 ;
; INPUT[15]  ; OUTPUT[23]  ; 6.156 ;       ;       ; 6.156 ;
; INPUT[15]  ; Z           ;       ; 6.713 ; 6.713 ;       ;
; INPUT[16]  ; OUTPUT[15]  ; 5.758 ;       ;       ; 5.758 ;
; INPUT[16]  ; OUTPUT[16]  ; 5.537 ;       ;       ; 5.537 ;
; INPUT[16]  ; OUTPUT[24]  ; 5.776 ;       ;       ; 5.776 ;
; INPUT[16]  ; Z           ;       ; 6.713 ; 6.713 ;       ;
; INPUT[17]  ; OUTPUT[16]  ; 5.615 ;       ;       ; 5.615 ;
; INPUT[17]  ; OUTPUT[17]  ; 5.728 ;       ;       ; 5.728 ;
; INPUT[17]  ; OUTPUT[25]  ; 5.743 ;       ;       ; 5.743 ;
; INPUT[17]  ; Z           ;       ; 6.585 ; 6.585 ;       ;
; INPUT[18]  ; OUTPUT[17]  ; 5.715 ;       ;       ; 5.715 ;
; INPUT[18]  ; OUTPUT[18]  ; 5.827 ;       ;       ; 5.827 ;
; INPUT[18]  ; OUTPUT[26]  ; 5.553 ;       ;       ; 5.553 ;
; INPUT[18]  ; Z           ;       ; 6.581 ; 6.581 ;       ;
; INPUT[19]  ; OUTPUT[18]  ; 5.933 ;       ;       ; 5.933 ;
; INPUT[19]  ; OUTPUT[19]  ; 5.965 ;       ;       ; 5.965 ;
; INPUT[19]  ; OUTPUT[27]  ; 5.393 ;       ;       ; 5.393 ;
; INPUT[19]  ; Z           ;       ; 6.958 ; 6.958 ;       ;
; INPUT[20]  ; OUTPUT[19]  ; 5.746 ;       ;       ; 5.746 ;
; INPUT[20]  ; OUTPUT[20]  ; 5.948 ;       ;       ; 5.948 ;
; INPUT[20]  ; OUTPUT[28]  ; 5.291 ;       ;       ; 5.291 ;
; INPUT[20]  ; Z           ;       ; 6.678 ; 6.678 ;       ;
; INPUT[21]  ; OUTPUT[20]  ; 6.042 ;       ;       ; 6.042 ;
; INPUT[21]  ; OUTPUT[21]  ; 6.374 ;       ;       ; 6.374 ;
; INPUT[21]  ; OUTPUT[29]  ; 5.494 ;       ;       ; 5.494 ;
; INPUT[21]  ; Z           ;       ; 6.834 ; 6.834 ;       ;
; INPUT[22]  ; OUTPUT[21]  ; 6.358 ;       ;       ; 6.358 ;
; INPUT[22]  ; OUTPUT[22]  ; 6.042 ;       ;       ; 6.042 ;
; INPUT[22]  ; OUTPUT[30]  ; 5.905 ;       ;       ; 5.905 ;
; INPUT[22]  ; Z           ;       ; 7.267 ; 7.267 ;       ;
; INPUT[23]  ; N           ; 5.849 ;       ;       ; 5.849 ;
; INPUT[23]  ; OUTPUT[22]  ; 6.032 ;       ;       ; 6.032 ;
; INPUT[23]  ; OUTPUT[23]  ; 6.490 ;       ;       ; 6.490 ;
; INPUT[23]  ; OUTPUT[31]  ; 5.951 ;       ;       ; 5.951 ;
; INPUT[23]  ; Z           ;       ; 6.526 ; 6.526 ;       ;
; INPUT[24]  ; OUTPUT[23]  ; 6.850 ;       ;       ; 6.850 ;
; INPUT[24]  ; OUTPUT[24]  ; 6.382 ;       ;       ; 6.382 ;
; INPUT[24]  ; Z           ;       ; 7.319 ; 7.319 ;       ;
; INPUT[25]  ; OUTPUT[24]  ; 6.093 ;       ;       ; 6.093 ;
; INPUT[25]  ; OUTPUT[25]  ; 6.263 ;       ;       ; 6.263 ;
; INPUT[25]  ; Z           ;       ; 7.030 ; 7.030 ;       ;
; INPUT[26]  ; OUTPUT[25]  ; 5.981 ;       ;       ; 5.981 ;
; INPUT[26]  ; OUTPUT[26]  ; 5.867 ;       ;       ; 5.867 ;
; INPUT[26]  ; Z           ;       ; 6.823 ; 6.823 ;       ;
; INPUT[27]  ; OUTPUT[26]  ; 5.893 ;       ;       ; 5.893 ;
; INPUT[27]  ; OUTPUT[27]  ; 5.767 ;       ;       ; 5.767 ;
; INPUT[27]  ; Z           ;       ; 6.921 ; 6.921 ;       ;
; INPUT[28]  ; OUTPUT[27]  ; 5.695 ;       ;       ; 5.695 ;
; INPUT[28]  ; OUTPUT[28]  ; 5.790 ;       ;       ; 5.790 ;
; INPUT[28]  ; Z           ;       ; 7.177 ; 7.177 ;       ;
; INPUT[29]  ; OUTPUT[28]  ; 5.743 ;       ;       ; 5.743 ;
; INPUT[29]  ; OUTPUT[29]  ; 5.737 ;       ;       ; 5.737 ;
; INPUT[29]  ; Z           ;       ; 7.077 ; 7.077 ;       ;
; INPUT[30]  ; OUTPUT[29]  ; 5.574 ;       ;       ; 5.574 ;
; INPUT[30]  ; OUTPUT[30]  ; 5.861 ;       ;       ; 5.861 ;
; INPUT[30]  ; Z           ;       ; 6.914 ; 6.914 ;       ;
; INPUT[31]  ; N           ; 5.859 ;       ;       ; 5.859 ;
; INPUT[31]  ; OUTPUT[30]  ; 5.586 ;       ;       ; 5.586 ;
; INPUT[31]  ; OUTPUT[31]  ; 5.961 ;       ;       ; 5.961 ;
; INPUT[31]  ; Z           ;       ; 6.536 ; 6.536 ;       ;
; MIR[22]    ; N           ;       ; 6.116 ; 6.116 ;       ;
; MIR[22]    ; OUTPUT[0]   ; 5.720 ; 5.720 ; 5.720 ; 5.720 ;
; MIR[22]    ; OUTPUT[1]   ; 5.806 ; 5.806 ; 5.806 ; 5.806 ;
; MIR[22]    ; OUTPUT[2]   ; 5.582 ; 5.582 ; 5.582 ; 5.582 ;
; MIR[22]    ; OUTPUT[3]   ; 5.798 ; 5.798 ; 5.798 ; 5.798 ;
; MIR[22]    ; OUTPUT[4]   ; 5.854 ; 5.854 ; 5.854 ; 5.854 ;
; MIR[22]    ; OUTPUT[5]   ; 5.848 ; 5.848 ; 5.848 ; 5.848 ;
; MIR[22]    ; OUTPUT[6]   ; 5.539 ; 5.539 ; 5.539 ; 5.539 ;
; MIR[22]    ; OUTPUT[7]   ; 5.682 ; 5.682 ; 5.682 ; 5.682 ;
; MIR[22]    ; OUTPUT[8]   ; 5.902 ; 5.691 ; 5.691 ; 5.902 ;
; MIR[22]    ; OUTPUT[9]   ; 6.085 ; 5.681 ; 5.681 ; 6.085 ;
; MIR[22]    ; OUTPUT[10]  ; 6.181 ; 5.666 ; 5.666 ; 6.181 ;
; MIR[22]    ; OUTPUT[11]  ; 6.146 ; 5.750 ; 5.750 ; 6.146 ;
; MIR[22]    ; OUTPUT[12]  ; 6.141 ; 5.701 ; 5.701 ; 6.141 ;
; MIR[22]    ; OUTPUT[13]  ; 6.057 ; 5.561 ; 5.561 ; 6.057 ;
; MIR[22]    ; OUTPUT[14]  ; 6.087 ; 5.580 ; 5.580 ; 6.087 ;
; MIR[22]    ; OUTPUT[15]  ; 5.807 ; 5.583 ; 5.583 ; 5.807 ;
; MIR[22]    ; OUTPUT[16]  ; 5.787 ; 5.729 ; 5.729 ; 5.787 ;
; MIR[22]    ; OUTPUT[17]  ; 5.902 ; 5.598 ; 5.598 ; 5.902 ;
; MIR[22]    ; OUTPUT[18]  ; 6.175 ; 5.774 ; 5.774 ; 6.175 ;
; MIR[22]    ; OUTPUT[19]  ; 6.304 ; 5.593 ; 5.593 ; 6.304 ;
; MIR[22]    ; OUTPUT[20]  ; 6.293 ; 5.586 ; 5.586 ; 6.293 ;
; MIR[22]    ; OUTPUT[21]  ; 6.618 ; 5.917 ; 5.917 ; 6.618 ;
; MIR[22]    ; OUTPUT[22]  ; 6.295 ; 5.678 ; 5.678 ; 6.295 ;
; MIR[22]    ; OUTPUT[23]  ; 6.642 ; 6.355 ; 6.355 ; 6.642 ;
; MIR[22]    ; OUTPUT[24]  ; 6.165 ; 5.959 ; 5.959 ; 6.165 ;
; MIR[22]    ; OUTPUT[25]  ; 6.386 ; 5.983 ; 5.983 ; 6.386 ;
; MIR[22]    ; OUTPUT[26]  ; 6.035 ; 5.736 ; 5.736 ; 6.035 ;
; MIR[22]    ; OUTPUT[27]  ; 6.051 ; 5.758 ; 5.758 ; 6.051 ;
; MIR[22]    ; OUTPUT[28]  ; 6.028 ; 5.736 ; 5.736 ; 6.028 ;
; MIR[22]    ; OUTPUT[29]  ; 6.025 ; 5.744 ; 5.744 ; 6.025 ;
; MIR[22]    ; OUTPUT[30]  ; 5.854 ; 6.247 ; 6.247 ; 5.854 ;
; MIR[22]    ; OUTPUT[31]  ;       ; 6.218 ; 6.218 ;       ;
; MIR[22]    ; Z           ; 6.154 ; 6.154 ; 6.154 ; 6.154 ;
; MIR[23]    ; N           ; 6.262 ; 6.262 ; 6.262 ; 6.262 ;
; MIR[23]    ; OUTPUT[0]   ;       ; 5.448 ; 5.448 ;       ;
; MIR[23]    ; OUTPUT[1]   ;       ; 5.534 ; 5.534 ;       ;
; MIR[23]    ; OUTPUT[2]   ;       ; 5.310 ; 5.310 ;       ;
; MIR[23]    ; OUTPUT[3]   ;       ; 5.599 ; 5.599 ;       ;
; MIR[23]    ; OUTPUT[4]   ;       ; 5.473 ; 5.473 ;       ;
; MIR[23]    ; OUTPUT[5]   ;       ; 5.461 ; 5.461 ;       ;
; MIR[23]    ; OUTPUT[6]   ;       ; 5.286 ; 5.286 ;       ;
; MIR[23]    ; OUTPUT[7]   ;       ; 6.116 ; 6.116 ;       ;
; MIR[23]    ; OUTPUT[8]   ; 6.120 ; 6.335 ; 6.335 ; 6.120 ;
; MIR[23]    ; OUTPUT[9]   ; 5.478 ; 6.516 ; 6.516 ; 5.478 ;
; MIR[23]    ; OUTPUT[10]  ; 5.409 ; 6.611 ; 6.611 ; 5.409 ;
; MIR[23]    ; OUTPUT[11]  ; 5.551 ; 6.583 ; 6.583 ; 5.551 ;
; MIR[23]    ; OUTPUT[12]  ; 5.516 ; 6.571 ; 6.571 ; 5.516 ;
; MIR[23]    ; OUTPUT[13]  ; 5.302 ; 6.489 ; 6.489 ; 5.302 ;
; MIR[23]    ; OUTPUT[14]  ; 5.200 ; 6.518 ; 6.518 ; 5.200 ;
; MIR[23]    ; OUTPUT[15]  ; 6.016 ; 6.237 ; 6.237 ; 6.016 ;
; MIR[23]    ; OUTPUT[16]  ; 5.835 ; 6.086 ; 6.086 ; 5.835 ;
; MIR[23]    ; OUTPUT[17]  ; 5.825 ; 6.202 ; 6.202 ; 5.825 ;
; MIR[23]    ; OUTPUT[18]  ; 5.896 ; 6.051 ; 6.051 ; 5.896 ;
; MIR[23]    ; OUTPUT[19]  ; 6.022 ; 6.343 ; 6.343 ; 6.022 ;
; MIR[23]    ; OUTPUT[20]  ; 6.025 ; 6.415 ; 6.415 ; 6.025 ;
; MIR[23]    ; OUTPUT[21]  ; 6.350 ; 6.761 ; 6.761 ; 6.350 ;
; MIR[23]    ; OUTPUT[22]  ; 6.115 ; 6.446 ; 6.446 ; 6.115 ;
; MIR[23]    ; OUTPUT[23]  ; 6.575 ; 6.862 ; 6.862 ; 6.575 ;
; MIR[23]    ; OUTPUT[24]  ; 6.260 ; 6.474 ; 6.474 ; 6.260 ;
; MIR[23]    ; OUTPUT[25]  ; 6.283 ; 6.483 ; 6.483 ; 6.283 ;
; MIR[23]    ; OUTPUT[26]  ; 6.035 ; 6.255 ; 6.255 ; 6.035 ;
; MIR[23]    ; OUTPUT[27]  ; 5.768 ; 5.948 ; 5.948 ; 5.768 ;
; MIR[23]    ; OUTPUT[28]  ; 5.887 ; 6.171 ; 6.171 ; 5.887 ;
; MIR[23]    ; OUTPUT[29]  ; 5.867 ; 6.162 ; 6.162 ; 5.867 ;
; MIR[23]    ; OUTPUT[30]  ; 6.373 ; 5.985 ; 5.985 ; 6.373 ;
; MIR[23]    ; OUTPUT[31]  ; 6.364 ; 6.364 ; 6.364 ; 6.364 ;
; MIR[23]    ; Z           ; 5.882 ; 5.940 ; 5.940 ; 5.882 ;
+------------+-------------+-------+-------+-------+-------+


-------------------
; Clock Transfers ;
-------------------
Nothing to report.


---------------
; Report TCCS ;
---------------
No dedicated SERDES Transmitter circuitry present in device or used in design


---------------
; Report RSKM ;
---------------
No dedicated SERDES Receiver circuitry present in device or used in design


+------------------------------------------------+
; Unconstrained Paths                            ;
+---------------------------------+-------+------+
; Property                        ; Setup ; Hold ;
+---------------------------------+-------+------+
; Illegal Clocks                  ; 0     ; 0    ;
; Unconstrained Clocks            ; 0     ; 0    ;
; Unconstrained Input Ports       ; 34    ; 34   ;
; Unconstrained Input Port Paths  ; 189   ; 189  ;
; Unconstrained Output Ports      ; 34    ; 34   ;
; Unconstrained Output Port Paths ; 189   ; 189  ;
+---------------------------------+-------+------+


+------------------------------------+
; TimeQuest Timing Analyzer Messages ;
+------------------------------------+
Info: *******************************************************************
Info: Running Quartus II 64-Bit TimeQuest Timing Analyzer
    Info: Version 13.0.1 Build 232 06/12/2013 Service Pack 1 SJ Web Edition
    Info: Processing started: Fri Dec 13 17:30:51 2024
Info: Command: quartus_sta mic1 -c mic1
Info: qsta_default_script.tcl version: #1
Warning (20028): Parallel compilation is not licensed and has been disabled
Critical Warning (332012): Synopsys Design Constraints File file not found: 'mic1.sdc'. A Synopsys Design Constraints File is required by the TimeQuest Timing Analyzer to get proper timing constraints. Without it, the Compiler will not properly optimize the design.
Info (332142): No user constrained base clocks found in the design. Calling "derive_clocks -period 1.0"
Info (332096): The command derive_clocks did not find any clocks to derive.  No clocks were created or changed.
Warning (332068): No clocks defined in design.
Info: Found TIMEQUEST_REPORT_SCRIPT_INCLUDE_DEFAULT_ANALYSIS = ON
Info (332159): No clocks to report
Info: Analyzing Slow Model
Info (332140): No fmax paths to report
Info (332140): No Setup paths to report
Info (332140): No Hold paths to report
Info (332140): No Recovery paths to report
Info (332140): No Removal paths to report
Info (332140): No Minimum Pulse Width paths to report
Info (332001): The selected device family is not supported by the report_metastability command.
Info: Analyzing Fast Model
Info (332142): No user constrained base clocks found in the design. Calling "derive_clocks -period 1.0"
Info (332096): The command derive_clocks did not find any clocks to derive.  No clocks were created or changed.
Warning (332068): No clocks defined in design.
Info (332140): No Setup paths to report
Info (332140): No Hold paths to report
Info (332140): No Recovery paths to report
Info (332140): No Removal paths to report
Info (332140): No Minimum Pulse Width paths to report
Info (332001): The selected device family is not supported by the report_metastability command.
Info (332102): Design is not fully constrained for setup requirements
Info (332102): Design is not fully constrained for hold requirements
Info: Quartus II 64-Bit TimeQuest Timing Analyzer was successful. 0 errors, 4 warnings
    Info: Peak virtual memory: 492 megabytes
    Info: Processing ended: Fri Dec 13 17:30:51 2024
    Info: Elapsed time: 00:00:00
    Info: Total CPU time (on all processors): 00:00:00


